Archive member included to satisfy reference by file (symbol)

c:/program files/microchip/xc8/v2.40/avr/bin/../lib/gcc/avr/5.4.0/../../../../avr/lib/avrxmega3/short-calls\libm.a(addsf3.o)
                              build/Default/production/src/i2c_master.o (__subsf3)
c:/program files/microchip/xc8/v2.40/avr/bin/../lib/gcc/avr/5.4.0/../../../../avr/lib/avrxmega3/short-calls\libm.a(addsf3x.o)
                              c:/program files/microchip/xc8/v2.40/avr/bin/../lib/gcc/avr/5.4.0/../../../../avr/lib/avrxmega3/short-calls\libm.a(addsf3.o) (__addsf3x)
c:/program files/microchip/xc8/v2.40/avr/bin/../lib/gcc/avr/5.4.0/../../../../avr/lib/avrxmega3/short-calls\libm.a(divsf3.o)
                              build/Default/production/src/i2c_master.o (__divsf3)
c:/program files/microchip/xc8/v2.40/avr/bin/../lib/gcc/avr/5.4.0/../../../../avr/lib/avrxmega3/short-calls\libm.a(divsf3x.o)
                              c:/program files/microchip/xc8/v2.40/avr/bin/../lib/gcc/avr/5.4.0/../../../../avr/lib/avrxmega3/short-calls\libm.a(divsf3.o) (__divsf3x)
c:/program files/microchip/xc8/v2.40/avr/bin/../lib/gcc/avr/5.4.0/../../../../avr/lib/avrxmega3/short-calls\libm.a(fixunssfsi.o)
                              build/Default/production/src/i2c_master.o (__fixunssfsi)
c:/program files/microchip/xc8/v2.40/avr/bin/../lib/gcc/avr/5.4.0/../../../../avr/lib/avrxmega3/short-calls\libm.a(floatsisf.o)
                              build/Default/production/src/i2c_master.o (__floatunsisf)
c:/program files/microchip/xc8/v2.40/avr/bin/../lib/gcc/avr/5.4.0/../../../../avr/lib/avrxmega3/short-calls\libm.a(fp_inf.o)
                              c:/program files/microchip/xc8/v2.40/avr/bin/../lib/gcc/avr/5.4.0/../../../../avr/lib/avrxmega3/short-calls\libm.a(addsf3x.o) (__fp_inf)
c:/program files/microchip/xc8/v2.40/avr/bin/../lib/gcc/avr/5.4.0/../../../../avr/lib/avrxmega3/short-calls\libm.a(fp_nan.o)
                              c:/program files/microchip/xc8/v2.40/avr/bin/../lib/gcc/avr/5.4.0/../../../../avr/lib/avrxmega3/short-calls\libm.a(addsf3x.o) (__fp_nan)
c:/program files/microchip/xc8/v2.40/avr/bin/../lib/gcc/avr/5.4.0/../../../../avr/lib/avrxmega3/short-calls\libm.a(fp_pscA.o)
                              c:/program files/microchip/xc8/v2.40/avr/bin/../lib/gcc/avr/5.4.0/../../../../avr/lib/avrxmega3/short-calls\libm.a(addsf3x.o) (__fp_pscA)
c:/program files/microchip/xc8/v2.40/avr/bin/../lib/gcc/avr/5.4.0/../../../../avr/lib/avrxmega3/short-calls\libm.a(fp_pscB.o)
                              c:/program files/microchip/xc8/v2.40/avr/bin/../lib/gcc/avr/5.4.0/../../../../avr/lib/avrxmega3/short-calls\libm.a(addsf3x.o) (__fp_pscB)
c:/program files/microchip/xc8/v2.40/avr/bin/../lib/gcc/avr/5.4.0/../../../../avr/lib/avrxmega3/short-calls\libm.a(fp_round.o)
                              c:/program files/microchip/xc8/v2.40/avr/bin/../lib/gcc/avr/5.4.0/../../../../avr/lib/avrxmega3/short-calls\libm.a(addsf3.o) (__fp_round)
c:/program files/microchip/xc8/v2.40/avr/bin/../lib/gcc/avr/5.4.0/../../../../avr/lib/avrxmega3/short-calls\libm.a(fp_split3.o)
                              c:/program files/microchip/xc8/v2.40/avr/bin/../lib/gcc/avr/5.4.0/../../../../avr/lib/avrxmega3/short-calls\libm.a(addsf3x.o) (__fp_split3)
c:/program files/microchip/xc8/v2.40/avr/bin/../lib/gcc/avr/5.4.0/../../../../avr/lib/avrxmega3/short-calls\libm.a(fp_zero.o)
                              c:/program files/microchip/xc8/v2.40/avr/bin/../lib/gcc/avr/5.4.0/../../../../avr/lib/avrxmega3/short-calls\libm.a(addsf3x.o) (__fp_zero)
c:/program files/microchip/xc8/v2.40/avr/bin/../lib/gcc/avr/5.4.0/../../../../avr/lib/avrxmega3/short-calls\libm.a(mulsf3.o)
                              build/Default/production/src/i2c_master.o (__mulsf3)
c:/program files/microchip/xc8/v2.40/avr/bin/../lib/gcc/avr/5.4.0/../../../../avr/lib/avrxmega3/short-calls\libm.a(mulsf3x.o)
                              c:/program files/microchip/xc8/v2.40/avr/bin/../lib/gcc/avr/5.4.0/../../../../avr/lib/avrxmega3/short-calls\libm.a(mulsf3.o) (__mulsf3x)
c:/program files/microchip/xc8/v2.40/avr/bin/../lib/gcc/avr/5.4.0/avrxmega3/short-calls\libgcc.a(_copy_data.o)
                              build/Default/production/src/i2c_master.o (__do_copy_data)
c:/program files/microchip/xc8/v2.40/avr/bin/../lib/gcc/avr/5.4.0/../../../../avr/lib/avrxmega3/short-calls\libc.a(exit.o)
                              C:/Program Files/Microchip/xc8/v2.40/dfp/xc8/avr/lib/avrxmega3/short-calls/crtattiny416.o (exit)
c:/program files/microchip/xc8/v2.40/avr/bin/../lib/gcc/avr/5.4.0/../../../../avr/lib/avrxmega3/short-calls\libc.a(__sio_printf_s.o)
                              build/Default/production/examples/src/usart_basic_example.o (_printf_s)
c:/program files/microchip/xc8/v2.40/avr/bin/../lib/gcc/avr/5.4.0/../../../../avr/lib/avrxmega3/short-calls\libc.a(__fmt_s.o)
                              c:/program files/microchip/xc8/v2.40/avr/bin/../lib/gcc/avr/5.4.0/../../../../avr/lib/avrxmega3/short-calls\libc.a(__sio_printf_s.o) (__fmt_s_needed)
c:/program files/microchip/xc8/v2.40/avr/bin/../lib/gcc/avr/5.4.0/../../../../avr/lib/avrxmega3/short-calls\libc.a(__printf_core.o)
                              c:/program files/microchip/xc8/v2.40/avr/bin/../lib/gcc/avr/5.4.0/../../../../avr/lib/avrxmega3/short-calls\libc.a(__fmt_s.o) (__pad)
c:/program files/microchip/xc8/v2.40/avr/bin/../lib/gcc/avr/5.4.0/../../../../avr/lib/avrxmega3/short-calls\libc.a(fputc.o)
                              c:/program files/microchip/xc8/v2.40/avr/bin/../lib/gcc/avr/5.4.0/../../../../avr/lib/avrxmega3/short-calls\libc.a(__printf_core.o) (fputc)
c:/program files/microchip/xc8/v2.40/avr/bin/../lib/gcc/avr/5.4.0/../../../../avr/lib/avrxmega3/short-calls\libc.a(stdout.o)
                              build/Default/production/src/usart_basic.o (_stdout)
c:/program files/microchip/xc8/v2.40/avr/bin/../lib/gcc/avr/5.4.0/../../../../avr/lib/avrxmega3/short-calls\libc.a(strlen.o)
                              c:/program files/microchip/xc8/v2.40/avr/bin/../lib/gcc/avr/5.4.0/../../../../avr/lib/avrxmega3/short-calls\libc.a(__fmt_s.o) (strlen)
c:/program files/microchip/xc8/v2.40/avr/bin/../lib/gcc/avr/5.4.0/../../../../avr/lib/avrxmega3/short-calls\libc.a(strncmp.o)
                              build/Default/production/examples/src/usart_basic_example.o (strncmp)
c:/program files/microchip/xc8/v2.40/avr/bin/../lib/gcc/avr/5.4.0/../../../../avr/lib/avrxmega3/short-calls\libc.a(tolower.o)
                              c:/program files/microchip/xc8/v2.40/avr/bin/../lib/gcc/avr/5.4.0/../../../../avr/lib/avrxmega3/short-calls\libc.a(__printf_core.o) (tolower)
c:/program files/microchip/xc8/v2.40/avr/bin/../lib/gcc/avr/5.4.0/../../../../avr/lib/avrxmega3/short-calls\libc.a(errno.o)
                              c:/program files/microchip/xc8/v2.40/avr/bin/../lib/gcc/avr/5.4.0/../../../../avr/lib/avrxmega3/short-calls\libc.a(__printf_core.o) (__errno_val)
c:/program files/microchip/xc8/v2.40/avr/bin/../lib/gcc/avr/5.4.0/../../../../avr/lib/avrxmega3/short-calls\libc.a(_Exit.o)
                              c:/program files/microchip/xc8/v2.40/avr/bin/../lib/gcc/avr/5.4.0/../../../../avr/lib/avrxmega3/short-calls\libc.a(exit.o) (_Exit)
c:/program files/microchip/xc8/v2.40/avr/bin/../lib/gcc/avr/5.4.0/../../../../avr/lib/avrxmega3/short-calls\libc.a(__int_vfprintf.o)
                              c:/program files/microchip/xc8/v2.40/avr/bin/../lib/gcc/avr/5.4.0/../../../../avr/lib/avrxmega3/short-calls\libc.a(__sio_printf_s.o) (__vfprintf)
c:/program files/microchip/xc8/v2.40/avr/bin/../lib/gcc/avr/5.4.0/avrxmega3/short-calls\libgcc.a(_exit.o)
                              c:/program files/microchip/xc8/v2.40/avr/bin/../lib/gcc/avr/5.4.0/../../../../avr/lib/avrxmega3/short-calls\libc.a(_Exit.o) (_exit)
c:/program files/microchip/xc8/v2.40/avr/bin/../lib/gcc/avr/5.4.0/avrxmega3/short-calls\libgcc.a(_prologue.o)
                              c:/program files/microchip/xc8/v2.40/avr/bin/../lib/gcc/avr/5.4.0/../../../../avr/lib/avrxmega3/short-calls\libc.a(__sio_printf_s.o) (__prologue_saves__)
c:/program files/microchip/xc8/v2.40/avr/bin/../lib/gcc/avr/5.4.0/avrxmega3/short-calls\libgcc.a(_epilogue.o)
                              c:/program files/microchip/xc8/v2.40/avr/bin/../lib/gcc/avr/5.4.0/../../../../avr/lib/avrxmega3/short-calls\libc.a(__sio_printf_s.o) (__epilogue_restores__)

Allocating common symbols
Common symbol       size              file

__stdout_used       0x2               c:/program files/microchip/xc8/v2.40/avr/bin/../lib/gcc/avr/5.4.0/../../../../avr/lib/avrxmega3/short-calls\libc.a(stdout.o)
__errno_val         0x2               c:/program files/microchip/xc8/v2.40/avr/bin/../lib/gcc/avr/5.4.0/../../../../avr/lib/avrxmega3/short-calls\libc.a(errno.o)

Discarded input sections

 .data          0x0000000000000000        0x0 C:/Program Files/Microchip/xc8/v2.40/dfp/xc8/avr/lib/avrxmega3/short-calls/crtattiny416.o
 .bss           0x0000000000000000        0x0 C:/Program Files/Microchip/xc8/v2.40/dfp/xc8/avr/lib/avrxmega3/short-calls/crtattiny416.o
 .text          0x0000000000000000        0x0 build/Default/production/examples/src/i2c_master_example.o
 .data          0x0000000000000000        0x0 build/Default/production/examples/src/i2c_master_example.o
 .bss           0x0000000000000000        0x0 build/Default/production/examples/src/i2c_master_example.o
 .text.I2C_read_handler
                0x0000000000000000       0x1a build/Default/production/examples/src/i2c_master_example.o
 .text.I2C_do_transfer
                0x0000000000000000       0x86 build/Default/production/examples/src/i2c_master_example.o
 .text.I2C_test_i2c_master
                0x0000000000000000        0xe build/Default/production/examples/src/i2c_master_example.o
 .bss.read_data
                0x0000000000000000        0x2 build/Default/production/examples/src/i2c_master_example.o
 .debug_info    0x0000000000000000      0x5dd build/Default/production/examples/src/i2c_master_example.o
 .debug_abbrev  0x0000000000000000      0x11f build/Default/production/examples/src/i2c_master_example.o
 .debug_loc     0x0000000000000000      0x14b build/Default/production/examples/src/i2c_master_example.o
 .debug_aranges
                0x0000000000000000       0x30 build/Default/production/examples/src/i2c_master_example.o
 .debug_ranges  0x0000000000000000       0x20 build/Default/production/examples/src/i2c_master_example.o
 .debug_line    0x0000000000000000      0x17e build/Default/production/examples/src/i2c_master_example.o
 .debug_str     0x0000000000000000       0x74 build/Default/production/examples/src/i2c_master_example.o
 .comment       0x0000000000000000       0x30 build/Default/production/examples/src/i2c_master_example.o
 .debug_frame   0x0000000000000000       0x60 build/Default/production/examples/src/i2c_master_example.o
 .text          0x0000000000000000        0x0 build/Default/production/examples/src/usart_basic_example.o
 .data          0x0000000000000000        0x0 build/Default/production/examples/src/usart_basic_example.o
 .bss           0x0000000000000000        0x0 build/Default/production/examples/src/usart_basic_example.o
 .rodata        0x0000000000000000        0x9 build/Default/production/examples/src/usart_basic_example.o
 .text.USART_test_usart_basic
                0x0000000000000000       0x66 build/Default/production/examples/src/usart_basic_example.o
 .bss.rx        0x0000000000000000       0x10 build/Default/production/examples/src/usart_basic_example.o
 .debug_info    0x0000000000000000      0x376 build/Default/production/examples/src/usart_basic_example.o
 .debug_abbrev  0x0000000000000000       0xc2 build/Default/production/examples/src/usart_basic_example.o
 .debug_loc     0x0000000000000000       0x27 build/Default/production/examples/src/usart_basic_example.o
 .debug_aranges
                0x0000000000000000       0x20 build/Default/production/examples/src/usart_basic_example.o
 .debug_ranges  0x0000000000000000       0x10 build/Default/production/examples/src/usart_basic_example.o
 .debug_line    0x0000000000000000      0x141 build/Default/production/examples/src/usart_basic_example.o
 .debug_str     0x0000000000000000        0xb build/Default/production/examples/src/usart_basic_example.o
 .comment       0x0000000000000000       0x30 build/Default/production/examples/src/usart_basic_example.o
 .debug_frame   0x0000000000000000       0x4c build/Default/production/examples/src/usart_basic_example.o
 .text          0x0000000000000000        0x0 build/Default/production/src/driver_init.o
 .data          0x0000000000000000        0x0 build/Default/production/src/driver_init.o
 .bss           0x0000000000000000        0x0 build/Default/production/src/driver_init.o
 .text.TIMER_initialization
                0x0000000000000000        0x4 build/Default/production/src/driver_init.o
 .text          0x0000000000000000        0x0 build/Default/production/src/bod.o
 .data          0x0000000000000000        0x0 build/Default/production/src/bod.o
 .bss           0x0000000000000000        0x0 build/Default/production/src/bod.o
 .text          0x0000000000000000        0x0 build/Default/production/src/clkctrl.o
 .data          0x0000000000000000        0x0 build/Default/production/src/clkctrl.o
 .bss           0x0000000000000000        0x0 build/Default/production/src/clkctrl.o
 .text          0x0000000000000000        0x0 build/Default/production/src/cpuint.o
 .data          0x0000000000000000        0x0 build/Default/production/src/cpuint.o
 .bss           0x0000000000000000        0x0 build/Default/production/src/cpuint.o
 .text          0x0000000000000000        0x0 build/Default/production/src/i2c_master.o
 .data          0x0000000000000000        0x0 build/Default/production/src/i2c_master.o
 .bss           0x0000000000000000        0x0 build/Default/production/src/i2c_master.o
 .text.I2C_return_stop
                0x0000000000000000        0x4 build/Default/production/src/i2c_master.o
 .text.I2C_return_reset
                0x0000000000000000        0x4 build/Default/production/src/i2c_master.o
 .text.I2C_set_callback
                0x0000000000000000       0x4a build/Default/production/src/i2c_master.o
 .text.I2C_set_data_complete_callback
                0x0000000000000000        0xa build/Default/production/src/i2c_master.o
 .text.I2C_set_write_collision_callback
                0x0000000000000000        0xa build/Default/production/src/i2c_master.o
 .text.I2C_set_address_nack_callback
                0x0000000000000000        0xa build/Default/production/src/i2c_master.o
 .text.I2C_set_data_nack_callback
                0x0000000000000000        0xa build/Default/production/src/i2c_master.o
 .text.I2C_set_timeout_callback
                0x0000000000000000        0xa build/Default/production/src/i2c_master.o
 .text.I2C_open
                0x0000000000000000       0x78 build/Default/production/src/i2c_master.o
 .text.I2C_set_address
                0x0000000000000000        0x6 build/Default/production/src/i2c_master.o
 .text.I2C_close
                0x0000000000000000       0x50 build/Default/production/src/i2c_master.o
 .text.I2C_set_timeout
                0x0000000000000000       0x1c build/Default/production/src/i2c_master.o
 .text.I2C_set_baud_rate
                0x0000000000000000       0x2c build/Default/production/src/i2c_master.o
 .text.I2C_set_buffer
                0x0000000000000000       0x1e build/Default/production/src/i2c_master.o
 .text.I2C_master_operation
                0x0000000000000000       0x2c build/Default/production/src/i2c_master.o
 .text.I2C_master_read
                0x0000000000000000        0x6 build/Default/production/src/i2c_master.o
 .text.I2C_master_write
                0x0000000000000000        0x6 build/Default/production/src/i2c_master.o
 .text          0x0000000000000000        0x0 build/Default/production/src/i2c_simple_master.o
 .data          0x0000000000000000        0x0 build/Default/production/src/i2c_simple_master.o
 .bss           0x0000000000000000        0x0 build/Default/production/src/i2c_simple_master.o
 .text.I2C_wr1RegCompleteHandler
                0x0000000000000000       0x14 build/Default/production/src/i2c_simple_master.o
 .text.I2C_rd1RegCompleteHandler
                0x0000000000000000       0x14 build/Default/production/src/i2c_simple_master.o
 .text.I2C_rd2RegCompleteHandler
                0x0000000000000000       0x14 build/Default/production/src/i2c_simple_master.o
 .text.I2C_wr2RegCompleteHandler
                0x0000000000000000       0x14 build/Default/production/src/i2c_simple_master.o
 .text.I2C_rdBlkRegCompleteHandler
                0x0000000000000000       0x1a build/Default/production/src/i2c_simple_master.o
 .text.I2C_write1ByteRegister
                0x0000000000000000       0x82 build/Default/production/src/i2c_simple_master.o
 .text.I2C_writeNBytes
                0x0000000000000000       0x6c build/Default/production/src/i2c_simple_master.o
 .text.I2C_read1ByteRegister
                0x0000000000000000       0x6e build/Default/production/src/i2c_simple_master.o
 .text.I2C_read2ByteRegister
                0x0000000000000000       0x5a build/Default/production/src/i2c_simple_master.o
 .text.I2C_write2ByteRegister
                0x0000000000000000       0x88 build/Default/production/src/i2c_simple_master.o
 .text.I2C_readDataBlock
                0x0000000000000000       0x8e build/Default/production/src/i2c_simple_master.o
 .text.I2C_readNBytes
                0x0000000000000000       0x62 build/Default/production/src/i2c_simple_master.o
 .debug_info    0x0000000000000000      0xcc0 build/Default/production/src/i2c_simple_master.o
 .debug_abbrev  0x0000000000000000      0x143 build/Default/production/src/i2c_simple_master.o
 .debug_loc     0x0000000000000000      0x72b build/Default/production/src/i2c_simple_master.o
 .debug_aranges
                0x0000000000000000       0x78 build/Default/production/src/i2c_simple_master.o
 .debug_ranges  0x0000000000000000       0x68 build/Default/production/src/i2c_simple_master.o
 .debug_line    0x0000000000000000      0x4a4 build/Default/production/src/i2c_simple_master.o
 .debug_str     0x0000000000000000       0x95 build/Default/production/src/i2c_simple_master.o
 .comment       0x0000000000000000       0x30 build/Default/production/src/i2c_simple_master.o
 .debug_frame   0x0000000000000000      0x1b4 build/Default/production/src/i2c_simple_master.o
 .text          0x0000000000000000        0x0 build/Default/production/src/i2c_types.o
 .data          0x0000000000000000        0x0 build/Default/production/src/i2c_types.o
 .bss           0x0000000000000000        0x0 build/Default/production/src/i2c_types.o
 .text.i2c_cb_return_stop
                0x0000000000000000        0x4 build/Default/production/src/i2c_types.o
 .text.i2c_cb_return_reset
                0x0000000000000000        0x4 build/Default/production/src/i2c_types.o
 .text.i2c_cb_restart_write
                0x0000000000000000        0x4 build/Default/production/src/i2c_types.o
 .text.i2c_cb_restart_read
                0x0000000000000000        0x4 build/Default/production/src/i2c_types.o
 .debug_info    0x0000000000000000      0x3b2 build/Default/production/src/i2c_types.o
 .debug_abbrev  0x0000000000000000       0x92 build/Default/production/src/i2c_types.o
 .debug_loc     0x0000000000000000       0x98 build/Default/production/src/i2c_types.o
 .debug_aranges
                0x0000000000000000       0x38 build/Default/production/src/i2c_types.o
 .debug_ranges  0x0000000000000000       0x28 build/Default/production/src/i2c_types.o
 .debug_line    0x0000000000000000       0x9c build/Default/production/src/i2c_types.o
 .debug_str     0x0000000000000000        0x0 build/Default/production/src/i2c_types.o
 .comment       0x0000000000000000       0x30 build/Default/production/src/i2c_types.o
 .debug_frame   0x0000000000000000       0x54 build/Default/production/src/i2c_types.o
 .text          0x0000000000000000        0x0 build/Default/production/src/protected_io.o
 .data          0x0000000000000000        0x0 build/Default/production/src/protected_io.o
 .bss           0x0000000000000000        0x0 build/Default/production/src/protected_io.o
 .text          0x0000000000000000        0x0 build/Default/production/src/rtc.o
 .data          0x0000000000000000        0x0 build/Default/production/src/rtc.o
 .bss           0x0000000000000000        0x0 build/Default/production/src/rtc.o
 .text          0x0000000000000000        0x0 build/Default/production/src/slpctrl.o
 .data          0x0000000000000000        0x0 build/Default/production/src/slpctrl.o
 .bss           0x0000000000000000        0x0 build/Default/production/src/slpctrl.o
 .text.SLPCTRL_set_sleep_mode
                0x0000000000000000       0x10 build/Default/production/src/slpctrl.o
 .text          0x0000000000000000        0x0 build/Default/production/src/tca.o
 .data          0x0000000000000000        0x0 build/Default/production/src/tca.o
 .bss           0x0000000000000000        0x0 build/Default/production/src/tca.o
 .text          0x0000000000000000        0x0 build/Default/production/src/usart_basic.o
 .data          0x0000000000000000        0x0 build/Default/production/src/usart_basic.o
 .bss           0x0000000000000000        0x0 build/Default/production/src/usart_basic.o
 .text.USART_enable
                0x0000000000000000        0xc build/Default/production/src/usart_basic.o
 .text.USART_enable_rx
                0x0000000000000000        0xc build/Default/production/src/usart_basic.o
 .text.USART_enable_tx
                0x0000000000000000        0xc build/Default/production/src/usart_basic.o
 .text.USART_disable
                0x0000000000000000        0xc build/Default/production/src/usart_basic.o
 .text.USART_get_data
                0x0000000000000000        0x6 build/Default/production/src/usart_basic.o
 .text.USART_is_tx_ready
                0x0000000000000000        0xc build/Default/production/src/usart_basic.o
 .text.USART_is_rx_ready
                0x0000000000000000        0xc build/Default/production/src/usart_basic.o
 .text.USART_is_tx_busy
                0x0000000000000000       0x10 build/Default/production/src/usart_basic.o
 .text.USART_read
                0x0000000000000000       0x10 build/Default/production/src/usart_basic.o
 .text          0x0000000000000000        0x0 build/Default/production/src/wdt.o
 .data          0x0000000000000000        0x0 build/Default/production/src/wdt.o
 .bss           0x0000000000000000        0x0 build/Default/production/src/wdt.o
 .text          0x0000000000000000        0x0 build/Default/production/main.o
 .data          0x0000000000000000        0x0 build/Default/production/main.o
 .bss           0x0000000000000000        0x0 build/Default/production/main.o
 .text          0x0000000000000000        0x0 build/Default/production/driver_isr.o
 .data          0x0000000000000000        0x0 build/Default/production/driver_isr.o
 .bss           0x0000000000000000        0x0 build/Default/production/driver_isr.o
 .text          0x0000000000000000        0x0 build/Default/production/atmel_start.o
 .data          0x0000000000000000        0x0 build/Default/production/atmel_start.o
 .bss           0x0000000000000000        0x0 build/Default/production/atmel_start.o
 .text          0x0000000000000000        0xa c:/program files/microchip/xc8/v2.40/avr/bin/../lib/gcc/avr/5.4.0/../../../../avr/lib/avrxmega3/short-calls\libm.a(addsf3.o)
 .data          0x0000000000000000        0x0 c:/program files/microchip/xc8/v2.40/avr/bin/../lib/gcc/avr/5.4.0/../../../../avr/lib/avrxmega3/short-calls\libm.a(addsf3.o)
 .bss           0x0000000000000000        0x0 c:/program files/microchip/xc8/v2.40/avr/bin/../lib/gcc/avr/5.4.0/../../../../avr/lib/avrxmega3/short-calls\libm.a(addsf3.o)
 .stack.descriptors.hdr
                0x0000000000000000        0xe c:/program files/microchip/xc8/v2.40/avr/bin/../lib/gcc/avr/5.4.0/../../../../avr/lib/avrxmega3/short-calls\libm.a(addsf3.o)
 .stack.descriptors
                0x0000000000000000       0x2c c:/program files/microchip/xc8/v2.40/avr/bin/../lib/gcc/avr/5.4.0/../../../../avr/lib/avrxmega3/short-calls\libm.a(addsf3.o)
 .note.GNU-stack
                0x0000000000000000        0x0 c:/program files/microchip/xc8/v2.40/avr/bin/../lib/gcc/avr/5.4.0/../../../../avr/lib/avrxmega3/short-calls\libm.a(addsf3.o)
 .text          0x0000000000000000       0xc2 c:/program files/microchip/xc8/v2.40/avr/bin/../lib/gcc/avr/5.4.0/../../../../avr/lib/avrxmega3/short-calls\libm.a(addsf3x.o)
 .data          0x0000000000000000        0x0 c:/program files/microchip/xc8/v2.40/avr/bin/../lib/gcc/avr/5.4.0/../../../../avr/lib/avrxmega3/short-calls\libm.a(addsf3x.o)
 .bss           0x0000000000000000        0x0 c:/program files/microchip/xc8/v2.40/avr/bin/../lib/gcc/avr/5.4.0/../../../../avr/lib/avrxmega3/short-calls\libm.a(addsf3x.o)
 .stack.descriptors.hdr
                0x0000000000000000        0xe c:/program files/microchip/xc8/v2.40/avr/bin/../lib/gcc/avr/5.4.0/../../../../avr/lib/avrxmega3/short-calls\libm.a(addsf3x.o)
 .stack.descriptors
                0x0000000000000000       0x17 c:/program files/microchip/xc8/v2.40/avr/bin/../lib/gcc/avr/5.4.0/../../../../avr/lib/avrxmega3/short-calls\libm.a(addsf3x.o)
 .note.GNU-stack
                0x0000000000000000        0x0 c:/program files/microchip/xc8/v2.40/avr/bin/../lib/gcc/avr/5.4.0/../../../../avr/lib/avrxmega3/short-calls\libm.a(addsf3x.o)
 .text          0x0000000000000000        0x4 c:/program files/microchip/xc8/v2.40/avr/bin/../lib/gcc/avr/5.4.0/../../../../avr/lib/avrxmega3/short-calls\libm.a(divsf3.o)
 .data          0x0000000000000000        0x0 c:/program files/microchip/xc8/v2.40/avr/bin/../lib/gcc/avr/5.4.0/../../../../avr/lib/avrxmega3/short-calls\libm.a(divsf3.o)
 .bss           0x0000000000000000        0x0 c:/program files/microchip/xc8/v2.40/avr/bin/../lib/gcc/avr/5.4.0/../../../../avr/lib/avrxmega3/short-calls\libm.a(divsf3.o)
 .stack.descriptors.hdr
                0x0000000000000000        0xe c:/program files/microchip/xc8/v2.40/avr/bin/../lib/gcc/avr/5.4.0/../../../../avr/lib/avrxmega3/short-calls\libm.a(divsf3.o)
 .stack.descriptors
                0x0000000000000000       0x16 c:/program files/microchip/xc8/v2.40/avr/bin/../lib/gcc/avr/5.4.0/../../../../avr/lib/avrxmega3/short-calls\libm.a(divsf3.o)
 .note.GNU-stack
                0x0000000000000000        0x0 c:/program files/microchip/xc8/v2.40/avr/bin/../lib/gcc/avr/5.4.0/../../../../avr/lib/avrxmega3/short-calls\libm.a(divsf3.o)
 .text          0x0000000000000000       0xce c:/program files/microchip/xc8/v2.40/avr/bin/../lib/gcc/avr/5.4.0/../../../../avr/lib/avrxmega3/short-calls\libm.a(divsf3x.o)
 .data          0x0000000000000000        0x0 c:/program files/microchip/xc8/v2.40/avr/bin/../lib/gcc/avr/5.4.0/../../../../avr/lib/avrxmega3/short-calls\libm.a(divsf3x.o)
 .bss           0x0000000000000000        0x0 c:/program files/microchip/xc8/v2.40/avr/bin/../lib/gcc/avr/5.4.0/../../../../avr/lib/avrxmega3/short-calls\libm.a(divsf3x.o)
 .stack.descriptors.hdr
                0x0000000000000000        0xe c:/program files/microchip/xc8/v2.40/avr/bin/../lib/gcc/avr/5.4.0/../../../../avr/lib/avrxmega3/short-calls\libm.a(divsf3x.o)
 .stack.descriptors
                0x0000000000000000       0x31 c:/program files/microchip/xc8/v2.40/avr/bin/../lib/gcc/avr/5.4.0/../../../../avr/lib/avrxmega3/short-calls\libm.a(divsf3x.o)
 .note.GNU-stack
                0x0000000000000000        0x0 c:/program files/microchip/xc8/v2.40/avr/bin/../lib/gcc/avr/5.4.0/../../../../avr/lib/avrxmega3/short-calls\libm.a(divsf3x.o)
 .text          0x0000000000000000       0x58 c:/program files/microchip/xc8/v2.40/avr/bin/../lib/gcc/avr/5.4.0/../../../../avr/lib/avrxmega3/short-calls\libm.a(fixunssfsi.o)
 .data          0x0000000000000000        0x0 c:/program files/microchip/xc8/v2.40/avr/bin/../lib/gcc/avr/5.4.0/../../../../avr/lib/avrxmega3/short-calls\libm.a(fixunssfsi.o)
 .bss           0x0000000000000000        0x0 c:/program files/microchip/xc8/v2.40/avr/bin/../lib/gcc/avr/5.4.0/../../../../avr/lib/avrxmega3/short-calls\libm.a(fixunssfsi.o)
 .stack.descriptors.hdr
                0x0000000000000000        0xe c:/program files/microchip/xc8/v2.40/avr/bin/../lib/gcc/avr/5.4.0/../../../../avr/lib/avrxmega3/short-calls\libm.a(fixunssfsi.o)
 .stack.descriptors
                0x0000000000000000       0x1a c:/program files/microchip/xc8/v2.40/avr/bin/../lib/gcc/avr/5.4.0/../../../../avr/lib/avrxmega3/short-calls\libm.a(fixunssfsi.o)
 .note.GNU-stack
                0x0000000000000000        0x0 c:/program files/microchip/xc8/v2.40/avr/bin/../lib/gcc/avr/5.4.0/../../../../avr/lib/avrxmega3/short-calls\libm.a(fixunssfsi.o)
 .text          0x0000000000000000       0x7a c:/program files/microchip/xc8/v2.40/avr/bin/../lib/gcc/avr/5.4.0/../../../../avr/lib/avrxmega3/short-calls\libm.a(floatsisf.o)
 .data          0x0000000000000000        0x0 c:/program files/microchip/xc8/v2.40/avr/bin/../lib/gcc/avr/5.4.0/../../../../avr/lib/avrxmega3/short-calls\libm.a(floatsisf.o)
 .bss           0x0000000000000000        0x0 c:/program files/microchip/xc8/v2.40/avr/bin/../lib/gcc/avr/5.4.0/../../../../avr/lib/avrxmega3/short-calls\libm.a(floatsisf.o)
 .stack.descriptors.hdr
                0x0000000000000000        0xe c:/program files/microchip/xc8/v2.40/avr/bin/../lib/gcc/avr/5.4.0/../../../../avr/lib/avrxmega3/short-calls\libm.a(floatsisf.o)
 .stack.descriptors
                0x0000000000000000       0x34 c:/program files/microchip/xc8/v2.40/avr/bin/../lib/gcc/avr/5.4.0/../../../../avr/lib/avrxmega3/short-calls\libm.a(floatsisf.o)
 .note.GNU-stack
                0x0000000000000000        0x0 c:/program files/microchip/xc8/v2.40/avr/bin/../lib/gcc/avr/5.4.0/../../../../avr/lib/avrxmega3/short-calls\libm.a(floatsisf.o)
 .text          0x0000000000000000        0xc c:/program files/microchip/xc8/v2.40/avr/bin/../lib/gcc/avr/5.4.0/../../../../avr/lib/avrxmega3/short-calls\libm.a(fp_inf.o)
 .data          0x0000000000000000        0x0 c:/program files/microchip/xc8/v2.40/avr/bin/../lib/gcc/avr/5.4.0/../../../../avr/lib/avrxmega3/short-calls\libm.a(fp_inf.o)
 .bss           0x0000000000000000        0x0 c:/program files/microchip/xc8/v2.40/avr/bin/../lib/gcc/avr/5.4.0/../../../../avr/lib/avrxmega3/short-calls\libm.a(fp_inf.o)
 .stack.descriptors.hdr
                0x0000000000000000        0xe c:/program files/microchip/xc8/v2.40/avr/bin/../lib/gcc/avr/5.4.0/../../../../avr/lib/avrxmega3/short-calls\libm.a(fp_inf.o)
 .stack.descriptors
                0x0000000000000000       0x16 c:/program files/microchip/xc8/v2.40/avr/bin/../lib/gcc/avr/5.4.0/../../../../avr/lib/avrxmega3/short-calls\libm.a(fp_inf.o)
 .note.GNU-stack
                0x0000000000000000        0x0 c:/program files/microchip/xc8/v2.40/avr/bin/../lib/gcc/avr/5.4.0/../../../../avr/lib/avrxmega3/short-calls\libm.a(fp_inf.o)
 .text          0x0000000000000000        0x6 c:/program files/microchip/xc8/v2.40/avr/bin/../lib/gcc/avr/5.4.0/../../../../avr/lib/avrxmega3/short-calls\libm.a(fp_nan.o)
 .data          0x0000000000000000        0x0 c:/program files/microchip/xc8/v2.40/avr/bin/../lib/gcc/avr/5.4.0/../../../../avr/lib/avrxmega3/short-calls\libm.a(fp_nan.o)
 .bss           0x0000000000000000        0x0 c:/program files/microchip/xc8/v2.40/avr/bin/../lib/gcc/avr/5.4.0/../../../../avr/lib/avrxmega3/short-calls\libm.a(fp_nan.o)
 .stack.descriptors.hdr
                0x0000000000000000        0xe c:/program files/microchip/xc8/v2.40/avr/bin/../lib/gcc/avr/5.4.0/../../../../avr/lib/avrxmega3/short-calls\libm.a(fp_nan.o)
 .stack.descriptors
                0x0000000000000000       0x16 c:/program files/microchip/xc8/v2.40/avr/bin/../lib/gcc/avr/5.4.0/../../../../avr/lib/avrxmega3/short-calls\libm.a(fp_nan.o)
 .note.GNU-stack
                0x0000000000000000        0x0 c:/program files/microchip/xc8/v2.40/avr/bin/../lib/gcc/avr/5.4.0/../../../../avr/lib/avrxmega3/short-calls\libm.a(fp_nan.o)
 .text          0x0000000000000000        0xe c:/program files/microchip/xc8/v2.40/avr/bin/../lib/gcc/avr/5.4.0/../../../../avr/lib/avrxmega3/short-calls\libm.a(fp_pscA.o)
 .data          0x0000000000000000        0x0 c:/program files/microchip/xc8/v2.40/avr/bin/../lib/gcc/avr/5.4.0/../../../../avr/lib/avrxmega3/short-calls\libm.a(fp_pscA.o)
 .bss           0x0000000000000000        0x0 c:/program files/microchip/xc8/v2.40/avr/bin/../lib/gcc/avr/5.4.0/../../../../avr/lib/avrxmega3/short-calls\libm.a(fp_pscA.o)
 .stack.descriptors.hdr
                0x0000000000000000        0xe c:/program files/microchip/xc8/v2.40/avr/bin/../lib/gcc/avr/5.4.0/../../../../avr/lib/avrxmega3/short-calls\libm.a(fp_pscA.o)
 .stack.descriptors
                0x0000000000000000       0x17 c:/program files/microchip/xc8/v2.40/avr/bin/../lib/gcc/avr/5.4.0/../../../../avr/lib/avrxmega3/short-calls\libm.a(fp_pscA.o)
 .note.GNU-stack
                0x0000000000000000        0x0 c:/program files/microchip/xc8/v2.40/avr/bin/../lib/gcc/avr/5.4.0/../../../../avr/lib/avrxmega3/short-calls\libm.a(fp_pscA.o)
 .text          0x0000000000000000        0xe c:/program files/microchip/xc8/v2.40/avr/bin/../lib/gcc/avr/5.4.0/../../../../avr/lib/avrxmega3/short-calls\libm.a(fp_pscB.o)
 .data          0x0000000000000000        0x0 c:/program files/microchip/xc8/v2.40/avr/bin/../lib/gcc/avr/5.4.0/../../../../avr/lib/avrxmega3/short-calls\libm.a(fp_pscB.o)
 .bss           0x0000000000000000        0x0 c:/program files/microchip/xc8/v2.40/avr/bin/../lib/gcc/avr/5.4.0/../../../../avr/lib/avrxmega3/short-calls\libm.a(fp_pscB.o)
 .stack.descriptors.hdr
                0x0000000000000000        0xe c:/program files/microchip/xc8/v2.40/avr/bin/../lib/gcc/avr/5.4.0/../../../../avr/lib/avrxmega3/short-calls\libm.a(fp_pscB.o)
 .stack.descriptors
                0x0000000000000000       0x17 c:/program files/microchip/xc8/v2.40/avr/bin/../lib/gcc/avr/5.4.0/../../../../avr/lib/avrxmega3/short-calls\libm.a(fp_pscB.o)
 .note.GNU-stack
                0x0000000000000000        0x0 c:/program files/microchip/xc8/v2.40/avr/bin/../lib/gcc/avr/5.4.0/../../../../avr/lib/avrxmega3/short-calls\libm.a(fp_pscB.o)
 .text          0x0000000000000000       0x22 c:/program files/microchip/xc8/v2.40/avr/bin/../lib/gcc/avr/5.4.0/../../../../avr/lib/avrxmega3/short-calls\libm.a(fp_round.o)
 .data          0x0000000000000000        0x0 c:/program files/microchip/xc8/v2.40/avr/bin/../lib/gcc/avr/5.4.0/../../../../avr/lib/avrxmega3/short-calls\libm.a(fp_round.o)
 .bss           0x0000000000000000        0x0 c:/program files/microchip/xc8/v2.40/avr/bin/../lib/gcc/avr/5.4.0/../../../../avr/lib/avrxmega3/short-calls\libm.a(fp_round.o)
 .stack.descriptors.hdr
                0x0000000000000000        0xe c:/program files/microchip/xc8/v2.40/avr/bin/../lib/gcc/avr/5.4.0/../../../../avr/lib/avrxmega3/short-calls\libm.a(fp_round.o)
 .stack.descriptors
                0x0000000000000000       0x18 c:/program files/microchip/xc8/v2.40/avr/bin/../lib/gcc/avr/5.4.0/../../../../avr/lib/avrxmega3/short-calls\libm.a(fp_round.o)
 .note.GNU-stack
                0x0000000000000000        0x0 c:/program files/microchip/xc8/v2.40/avr/bin/../lib/gcc/avr/5.4.0/../../../../avr/lib/avrxmega3/short-calls\libm.a(fp_round.o)
 .text          0x0000000000000000       0x44 c:/program files/microchip/xc8/v2.40/avr/bin/../lib/gcc/avr/5.4.0/../../../../avr/lib/avrxmega3/short-calls\libm.a(fp_split3.o)
 .data          0x0000000000000000        0x0 c:/program files/microchip/xc8/v2.40/avr/bin/../lib/gcc/avr/5.4.0/../../../../avr/lib/avrxmega3/short-calls\libm.a(fp_split3.o)
 .bss           0x0000000000000000        0x0 c:/program files/microchip/xc8/v2.40/avr/bin/../lib/gcc/avr/5.4.0/../../../../avr/lib/avrxmega3/short-calls\libm.a(fp_split3.o)
 .stack.descriptors.hdr
                0x0000000000000000        0xe c:/program files/microchip/xc8/v2.40/avr/bin/../lib/gcc/avr/5.4.0/../../../../avr/lib/avrxmega3/short-calls\libm.a(fp_split3.o)
 .stack.descriptors
                0x0000000000000000       0x32 c:/program files/microchip/xc8/v2.40/avr/bin/../lib/gcc/avr/5.4.0/../../../../avr/lib/avrxmega3/short-calls\libm.a(fp_split3.o)
 .note.GNU-stack
                0x0000000000000000        0x0 c:/program files/microchip/xc8/v2.40/avr/bin/../lib/gcc/avr/5.4.0/../../../../avr/lib/avrxmega3/short-calls\libm.a(fp_split3.o)
 .text          0x0000000000000000        0xe c:/program files/microchip/xc8/v2.40/avr/bin/../lib/gcc/avr/5.4.0/../../../../avr/lib/avrxmega3/short-calls\libm.a(fp_zero.o)
 .data          0x0000000000000000        0x0 c:/program files/microchip/xc8/v2.40/avr/bin/../lib/gcc/avr/5.4.0/../../../../avr/lib/avrxmega3/short-calls\libm.a(fp_zero.o)
 .bss           0x0000000000000000        0x0 c:/program files/microchip/xc8/v2.40/avr/bin/../lib/gcc/avr/5.4.0/../../../../avr/lib/avrxmega3/short-calls\libm.a(fp_zero.o)
 .stack.descriptors.hdr
                0x0000000000000000        0xe c:/program files/microchip/xc8/v2.40/avr/bin/../lib/gcc/avr/5.4.0/../../../../avr/lib/avrxmega3/short-calls\libm.a(fp_zero.o)
 .stack.descriptors
                0x0000000000000000       0x2f c:/program files/microchip/xc8/v2.40/avr/bin/../lib/gcc/avr/5.4.0/../../../../avr/lib/avrxmega3/short-calls\libm.a(fp_zero.o)
 .note.GNU-stack
                0x0000000000000000        0x0 c:/program files/microchip/xc8/v2.40/avr/bin/../lib/gcc/avr/5.4.0/../../../../avr/lib/avrxmega3/short-calls\libm.a(fp_zero.o)
 .text          0x0000000000000000        0x4 c:/program files/microchip/xc8/v2.40/avr/bin/../lib/gcc/avr/5.4.0/../../../../avr/lib/avrxmega3/short-calls\libm.a(mulsf3.o)
 .data          0x0000000000000000        0x0 c:/program files/microchip/xc8/v2.40/avr/bin/../lib/gcc/avr/5.4.0/../../../../avr/lib/avrxmega3/short-calls\libm.a(mulsf3.o)
 .bss           0x0000000000000000        0x0 c:/program files/microchip/xc8/v2.40/avr/bin/../lib/gcc/avr/5.4.0/../../../../avr/lib/avrxmega3/short-calls\libm.a(mulsf3.o)
 .stack.descriptors.hdr
                0x0000000000000000        0xe c:/program files/microchip/xc8/v2.40/avr/bin/../lib/gcc/avr/5.4.0/../../../../avr/lib/avrxmega3/short-calls\libm.a(mulsf3.o)
 .stack.descriptors
                0x0000000000000000       0x16 c:/program files/microchip/xc8/v2.40/avr/bin/../lib/gcc/avr/5.4.0/../../../../avr/lib/avrxmega3/short-calls\libm.a(mulsf3.o)
 .note.GNU-stack
                0x0000000000000000        0x0 c:/program files/microchip/xc8/v2.40/avr/bin/../lib/gcc/avr/5.4.0/../../../../avr/lib/avrxmega3/short-calls\libm.a(mulsf3.o)
 .text          0x0000000000000000       0xc4 c:/program files/microchip/xc8/v2.40/avr/bin/../lib/gcc/avr/5.4.0/../../../../avr/lib/avrxmega3/short-calls\libm.a(mulsf3x.o)
 .data          0x0000000000000000        0x0 c:/program files/microchip/xc8/v2.40/avr/bin/../lib/gcc/avr/5.4.0/../../../../avr/lib/avrxmega3/short-calls\libm.a(mulsf3x.o)
 .bss           0x0000000000000000        0x0 c:/program files/microchip/xc8/v2.40/avr/bin/../lib/gcc/avr/5.4.0/../../../../avr/lib/avrxmega3/short-calls\libm.a(mulsf3x.o)
 .stack.descriptors.hdr
                0x0000000000000000        0xe c:/program files/microchip/xc8/v2.40/avr/bin/../lib/gcc/avr/5.4.0/../../../../avr/lib/avrxmega3/short-calls\libm.a(mulsf3x.o)
 .stack.descriptors
                0x0000000000000000       0x31 c:/program files/microchip/xc8/v2.40/avr/bin/../lib/gcc/avr/5.4.0/../../../../avr/lib/avrxmega3/short-calls\libm.a(mulsf3x.o)
 .note.GNU-stack
                0x0000000000000000        0x0 c:/program files/microchip/xc8/v2.40/avr/bin/../lib/gcc/avr/5.4.0/../../../../avr/lib/avrxmega3/short-calls\libm.a(mulsf3x.o)
 .text          0x0000000000000000        0x0 c:/program files/microchip/xc8/v2.40/avr/bin/../lib/gcc/avr/5.4.0/avrxmega3/short-calls\libgcc.a(_copy_data.o)
 .data          0x0000000000000000        0x0 c:/program files/microchip/xc8/v2.40/avr/bin/../lib/gcc/avr/5.4.0/avrxmega3/short-calls\libgcc.a(_copy_data.o)
 .bss           0x0000000000000000        0x0 c:/program files/microchip/xc8/v2.40/avr/bin/../lib/gcc/avr/5.4.0/avrxmega3/short-calls\libgcc.a(_copy_data.o)
 .text.libgcc.mul
                0x0000000000000000        0x0 c:/program files/microchip/xc8/v2.40/avr/bin/../lib/gcc/avr/5.4.0/avrxmega3/short-calls\libgcc.a(_copy_data.o)
 .text.libgcc.div
                0x0000000000000000        0x0 c:/program files/microchip/xc8/v2.40/avr/bin/../lib/gcc/avr/5.4.0/avrxmega3/short-calls\libgcc.a(_copy_data.o)
 .text.libgcc   0x0000000000000000        0x0 c:/program files/microchip/xc8/v2.40/avr/bin/../lib/gcc/avr/5.4.0/avrxmega3/short-calls\libgcc.a(_copy_data.o)
 .text.libgcc.prologue
                0x0000000000000000        0x0 c:/program files/microchip/xc8/v2.40/avr/bin/../lib/gcc/avr/5.4.0/avrxmega3/short-calls\libgcc.a(_copy_data.o)
 .text.libgcc.builtins
                0x0000000000000000        0x0 c:/program files/microchip/xc8/v2.40/avr/bin/../lib/gcc/avr/5.4.0/avrxmega3/short-calls\libgcc.a(_copy_data.o)
 .text.libgcc.fmul
                0x0000000000000000        0x0 c:/program files/microchip/xc8/v2.40/avr/bin/../lib/gcc/avr/5.4.0/avrxmega3/short-calls\libgcc.a(_copy_data.o)
 .text.libgcc.fixed
                0x0000000000000000        0x0 c:/program files/microchip/xc8/v2.40/avr/bin/../lib/gcc/avr/5.4.0/avrxmega3/short-calls\libgcc.a(_copy_data.o)
 .text          0x0000000000000000        0x0 c:/program files/microchip/xc8/v2.40/avr/bin/../lib/gcc/avr/5.4.0/../../../../avr/lib/avrxmega3/short-calls\libc.a(exit.o)
 .data          0x0000000000000000        0x0 c:/program files/microchip/xc8/v2.40/avr/bin/../lib/gcc/avr/5.4.0/../../../../avr/lib/avrxmega3/short-calls\libc.a(exit.o)
 .bss           0x0000000000000000        0x0 c:/program files/microchip/xc8/v2.40/avr/bin/../lib/gcc/avr/5.4.0/../../../../avr/lib/avrxmega3/short-calls\libc.a(exit.o)
 .text          0x0000000000000000        0x0 c:/program files/microchip/xc8/v2.40/avr/bin/../lib/gcc/avr/5.4.0/../../../../avr/lib/avrxmega3/short-calls\libc.a(__sio_printf_s.o)
 .data          0x0000000000000000        0x0 c:/program files/microchip/xc8/v2.40/avr/bin/../lib/gcc/avr/5.4.0/../../../../avr/lib/avrxmega3/short-calls\libc.a(__sio_printf_s.o)
 .bss           0x0000000000000000        0x0 c:/program files/microchip/xc8/v2.40/avr/bin/../lib/gcc/avr/5.4.0/../../../../avr/lib/avrxmega3/short-calls\libc.a(__sio_printf_s.o)
 .text.__wrap_printf
                0x0000000000000000       0x2a c:/program files/microchip/xc8/v2.40/avr/bin/../lib/gcc/avr/5.4.0/../../../../avr/lib/avrxmega3/short-calls\libc.a(__sio_printf_s.o)
 .text.__sio_printf_s
                0x0000000000000000        0x4 c:/program files/microchip/xc8/v2.40/avr/bin/../lib/gcc/avr/5.4.0/../../../../avr/lib/avrxmega3/short-calls\libc.a(__sio_printf_s.o)
 .comment       0x0000000000000000       0x30 c:/program files/microchip/xc8/v2.40/avr/bin/../lib/gcc/avr/5.4.0/../../../../avr/lib/avrxmega3/short-calls\libc.a(__sio_printf_s.o)
 .note.GNU-stack
                0x0000000000000000        0x0 c:/program files/microchip/xc8/v2.40/avr/bin/../lib/gcc/avr/5.4.0/../../../../avr/lib/avrxmega3/short-calls\libc.a(__sio_printf_s.o)
 .text          0x0000000000000000        0x0 c:/program files/microchip/xc8/v2.40/avr/bin/../lib/gcc/avr/5.4.0/../../../../avr/lib/avrxmega3/short-calls\libc.a(__fmt_s.o)
 .data          0x0000000000000000        0x0 c:/program files/microchip/xc8/v2.40/avr/bin/../lib/gcc/avr/5.4.0/../../../../avr/lib/avrxmega3/short-calls\libc.a(__fmt_s.o)
 .bss           0x0000000000000000        0x0 c:/program files/microchip/xc8/v2.40/avr/bin/../lib/gcc/avr/5.4.0/../../../../avr/lib/avrxmega3/short-calls\libc.a(__fmt_s.o)
 .text.__fmt_s  0x0000000000000000       0x4c c:/program files/microchip/xc8/v2.40/avr/bin/../lib/gcc/avr/5.4.0/../../../../avr/lib/avrxmega3/short-calls\libc.a(__fmt_s.o)
 .rodata.nuls.2781
                0x0000000000000000        0x7 c:/program files/microchip/xc8/v2.40/avr/bin/../lib/gcc/avr/5.4.0/../../../../avr/lib/avrxmega3/short-calls\libc.a(__fmt_s.o)
 .comment       0x0000000000000000       0x30 c:/program files/microchip/xc8/v2.40/avr/bin/../lib/gcc/avr/5.4.0/../../../../avr/lib/avrxmega3/short-calls\libc.a(__fmt_s.o)
 .note.GNU-stack
                0x0000000000000000        0x0 c:/program files/microchip/xc8/v2.40/avr/bin/../lib/gcc/avr/5.4.0/../../../../avr/lib/avrxmega3/short-calls\libc.a(__fmt_s.o)
 .text          0x0000000000000000        0x0 c:/program files/microchip/xc8/v2.40/avr/bin/../lib/gcc/avr/5.4.0/../../../../avr/lib/avrxmega3/short-calls\libc.a(__printf_core.o)
 .data          0x0000000000000000        0x0 c:/program files/microchip/xc8/v2.40/avr/bin/../lib/gcc/avr/5.4.0/../../../../avr/lib/avrxmega3/short-calls\libc.a(__printf_core.o)
 .bss           0x0000000000000000        0x0 c:/program files/microchip/xc8/v2.40/avr/bin/../lib/gcc/avr/5.4.0/../../../../avr/lib/avrxmega3/short-calls\libc.a(__printf_core.o)
 .text.read_prec_or_width
                0x0000000000000000       0x5c c:/program files/microchip/xc8/v2.40/avr/bin/../lib/gcc/avr/5.4.0/../../../../avr/lib/avrxmega3/short-calls\libc.a(__printf_core.o)
 .text.__out    0x0000000000000000       0x34 c:/program files/microchip/xc8/v2.40/avr/bin/../lib/gcc/avr/5.4.0/../../../../avr/lib/avrxmega3/short-calls\libc.a(__printf_core.o)
 .text.__pad    0x0000000000000000       0x68 c:/program files/microchip/xc8/v2.40/avr/bin/../lib/gcc/avr/5.4.0/../../../../avr/lib/avrxmega3/short-calls\libc.a(__printf_core.o)
 .text.__fmt_state
                0x0000000000000000       0x40 c:/program files/microchip/xc8/v2.40/avr/bin/../lib/gcc/avr/5.4.0/../../../../avr/lib/avrxmega3/short-calls\libc.a(__printf_core.o)
 .text.vfpfcnvrt
                0x0000000000000000      0x3ce c:/program files/microchip/xc8/v2.40/avr/bin/../lib/gcc/avr/5.4.0/../../../../avr/lib/avrxmega3/short-calls\libc.a(__printf_core.o)
 .text.__printf_core
                0x0000000000000000       0x72 c:/program files/microchip/xc8/v2.40/avr/bin/../lib/gcc/avr/5.4.0/../../../../avr/lib/avrxmega3/short-calls\libc.a(__printf_core.o)
 .rodata.nilstr.2962
                0x0000000000000000        0x6 c:/program files/microchip/xc8/v2.40/avr/bin/../lib/gcc/avr/5.4.0/../../../../avr/lib/avrxmega3/short-calls\libc.a(__printf_core.o)
 .rodata.state_table
                0x0000000000000000       0x16 c:/program files/microchip/xc8/v2.40/avr/bin/../lib/gcc/avr/5.4.0/../../../../avr/lib/avrxmega3/short-calls\libc.a(__printf_core.o)
 .comment       0x0000000000000000       0x30 c:/program files/microchip/xc8/v2.40/avr/bin/../lib/gcc/avr/5.4.0/../../../../avr/lib/avrxmega3/short-calls\libc.a(__printf_core.o)
 .note.GNU-stack
                0x0000000000000000        0x0 c:/program files/microchip/xc8/v2.40/avr/bin/../lib/gcc/avr/5.4.0/../../../../avr/lib/avrxmega3/short-calls\libc.a(__printf_core.o)
 .text          0x0000000000000000        0x0 c:/program files/microchip/xc8/v2.40/avr/bin/../lib/gcc/avr/5.4.0/../../../../avr/lib/avrxmega3/short-calls\libc.a(fputc.o)
 .data          0x0000000000000000        0x0 c:/program files/microchip/xc8/v2.40/avr/bin/../lib/gcc/avr/5.4.0/../../../../avr/lib/avrxmega3/short-calls\libc.a(fputc.o)
 .bss           0x0000000000000000        0x0 c:/program files/microchip/xc8/v2.40/avr/bin/../lib/gcc/avr/5.4.0/../../../../avr/lib/avrxmega3/short-calls\libc.a(fputc.o)
 .text.fputc    0x0000000000000000       0x92 c:/program files/microchip/xc8/v2.40/avr/bin/../lib/gcc/avr/5.4.0/../../../../avr/lib/avrxmega3/short-calls\libc.a(fputc.o)
 .comment       0x0000000000000000       0x30 c:/program files/microchip/xc8/v2.40/avr/bin/../lib/gcc/avr/5.4.0/../../../../avr/lib/avrxmega3/short-calls\libc.a(fputc.o)
 .note.GNU-stack
                0x0000000000000000        0x0 c:/program files/microchip/xc8/v2.40/avr/bin/../lib/gcc/avr/5.4.0/../../../../avr/lib/avrxmega3/short-calls\libc.a(fputc.o)
 .text          0x0000000000000000        0x0 c:/program files/microchip/xc8/v2.40/avr/bin/../lib/gcc/avr/5.4.0/../../../../avr/lib/avrxmega3/short-calls\libc.a(stdout.o)
 .data          0x0000000000000000        0x0 c:/program files/microchip/xc8/v2.40/avr/bin/../lib/gcc/avr/5.4.0/../../../../avr/lib/avrxmega3/short-calls\libc.a(stdout.o)
 .bss           0x0000000000000000        0x0 c:/program files/microchip/xc8/v2.40/avr/bin/../lib/gcc/avr/5.4.0/../../../../avr/lib/avrxmega3/short-calls\libc.a(stdout.o)
 .text.__init_stdout
                0x0000000000000000       0x1e c:/program files/microchip/xc8/v2.40/avr/bin/../lib/gcc/avr/5.4.0/../../../../avr/lib/avrxmega3/short-calls\libc.a(stdout.o)
 .data.f        0x0000000000000000       0x10 c:/program files/microchip/xc8/v2.40/avr/bin/../lib/gcc/avr/5.4.0/../../../../avr/lib/avrxmega3/short-calls\libc.a(stdout.o)
 COMMON         0x0000000000000000        0x2 c:/program files/microchip/xc8/v2.40/avr/bin/../lib/gcc/avr/5.4.0/../../../../avr/lib/avrxmega3/short-calls\libc.a(stdout.o)
 .text          0x0000000000000000        0x0 c:/program files/microchip/xc8/v2.40/avr/bin/../lib/gcc/avr/5.4.0/../../../../avr/lib/avrxmega3/short-calls\libc.a(strlen.o)
 .data          0x0000000000000000        0x0 c:/program files/microchip/xc8/v2.40/avr/bin/../lib/gcc/avr/5.4.0/../../../../avr/lib/avrxmega3/short-calls\libc.a(strlen.o)
 .bss           0x0000000000000000        0x0 c:/program files/microchip/xc8/v2.40/avr/bin/../lib/gcc/avr/5.4.0/../../../../avr/lib/avrxmega3/short-calls\libc.a(strlen.o)
 .text.strlen   0x0000000000000000       0x1c c:/program files/microchip/xc8/v2.40/avr/bin/../lib/gcc/avr/5.4.0/../../../../avr/lib/avrxmega3/short-calls\libc.a(strlen.o)
 .comment       0x0000000000000000       0x30 c:/program files/microchip/xc8/v2.40/avr/bin/../lib/gcc/avr/5.4.0/../../../../avr/lib/avrxmega3/short-calls\libc.a(strlen.o)
 .note.GNU-stack
                0x0000000000000000        0x0 c:/program files/microchip/xc8/v2.40/avr/bin/../lib/gcc/avr/5.4.0/../../../../avr/lib/avrxmega3/short-calls\libc.a(strlen.o)
 .text          0x0000000000000000        0x0 c:/program files/microchip/xc8/v2.40/avr/bin/../lib/gcc/avr/5.4.0/../../../../avr/lib/avrxmega3/short-calls\libc.a(strncmp.o)
 .data          0x0000000000000000        0x0 c:/program files/microchip/xc8/v2.40/avr/bin/../lib/gcc/avr/5.4.0/../../../../avr/lib/avrxmega3/short-calls\libc.a(strncmp.o)
 .bss           0x0000000000000000        0x0 c:/program files/microchip/xc8/v2.40/avr/bin/../lib/gcc/avr/5.4.0/../../../../avr/lib/avrxmega3/short-calls\libc.a(strncmp.o)
 .text.strncmp  0x0000000000000000       0x3e c:/program files/microchip/xc8/v2.40/avr/bin/../lib/gcc/avr/5.4.0/../../../../avr/lib/avrxmega3/short-calls\libc.a(strncmp.o)
 .comment       0x0000000000000000       0x30 c:/program files/microchip/xc8/v2.40/avr/bin/../lib/gcc/avr/5.4.0/../../../../avr/lib/avrxmega3/short-calls\libc.a(strncmp.o)
 .note.GNU-stack
                0x0000000000000000        0x0 c:/program files/microchip/xc8/v2.40/avr/bin/../lib/gcc/avr/5.4.0/../../../../avr/lib/avrxmega3/short-calls\libc.a(strncmp.o)
 .text          0x0000000000000000        0x0 c:/program files/microchip/xc8/v2.40/avr/bin/../lib/gcc/avr/5.4.0/../../../../avr/lib/avrxmega3/short-calls\libc.a(tolower.o)
 .data          0x0000000000000000        0x0 c:/program files/microchip/xc8/v2.40/avr/bin/../lib/gcc/avr/5.4.0/../../../../avr/lib/avrxmega3/short-calls\libc.a(tolower.o)
 .bss           0x0000000000000000        0x0 c:/program files/microchip/xc8/v2.40/avr/bin/../lib/gcc/avr/5.4.0/../../../../avr/lib/avrxmega3/short-calls\libc.a(tolower.o)
 .text.tolower  0x0000000000000000       0x10 c:/program files/microchip/xc8/v2.40/avr/bin/../lib/gcc/avr/5.4.0/../../../../avr/lib/avrxmega3/short-calls\libc.a(tolower.o)
 .text.__tolower_l
                0x0000000000000000        0x4 c:/program files/microchip/xc8/v2.40/avr/bin/../lib/gcc/avr/5.4.0/../../../../avr/lib/avrxmega3/short-calls\libc.a(tolower.o)
 .comment       0x0000000000000000       0x30 c:/program files/microchip/xc8/v2.40/avr/bin/../lib/gcc/avr/5.4.0/../../../../avr/lib/avrxmega3/short-calls\libc.a(tolower.o)
 .note.GNU-stack
                0x0000000000000000        0x0 c:/program files/microchip/xc8/v2.40/avr/bin/../lib/gcc/avr/5.4.0/../../../../avr/lib/avrxmega3/short-calls\libc.a(tolower.o)
 .text          0x0000000000000000        0x0 c:/program files/microchip/xc8/v2.40/avr/bin/../lib/gcc/avr/5.4.0/../../../../avr/lib/avrxmega3/short-calls\libc.a(errno.o)
 .data          0x0000000000000000        0x0 c:/program files/microchip/xc8/v2.40/avr/bin/../lib/gcc/avr/5.4.0/../../../../avr/lib/avrxmega3/short-calls\libc.a(errno.o)
 .bss           0x0000000000000000        0x0 c:/program files/microchip/xc8/v2.40/avr/bin/../lib/gcc/avr/5.4.0/../../../../avr/lib/avrxmega3/short-calls\libc.a(errno.o)
 .comment       0x0000000000000000       0x30 c:/program files/microchip/xc8/v2.40/avr/bin/../lib/gcc/avr/5.4.0/../../../../avr/lib/avrxmega3/short-calls\libc.a(errno.o)
 .note.GNU-stack
                0x0000000000000000        0x0 c:/program files/microchip/xc8/v2.40/avr/bin/../lib/gcc/avr/5.4.0/../../../../avr/lib/avrxmega3/short-calls\libc.a(errno.o)
 COMMON         0x0000000000000000        0x2 c:/program files/microchip/xc8/v2.40/avr/bin/../lib/gcc/avr/5.4.0/../../../../avr/lib/avrxmega3/short-calls\libc.a(errno.o)
 .text          0x0000000000000000        0x0 c:/program files/microchip/xc8/v2.40/avr/bin/../lib/gcc/avr/5.4.0/../../../../avr/lib/avrxmega3/short-calls\libc.a(_Exit.o)
 .data          0x0000000000000000        0x0 c:/program files/microchip/xc8/v2.40/avr/bin/../lib/gcc/avr/5.4.0/../../../../avr/lib/avrxmega3/short-calls\libc.a(_Exit.o)
 .bss           0x0000000000000000        0x0 c:/program files/microchip/xc8/v2.40/avr/bin/../lib/gcc/avr/5.4.0/../../../../avr/lib/avrxmega3/short-calls\libc.a(_Exit.o)
 .text          0x0000000000000000        0x0 c:/program files/microchip/xc8/v2.40/avr/bin/../lib/gcc/avr/5.4.0/../../../../avr/lib/avrxmega3/short-calls\libc.a(__int_vfprintf.o)
 .data          0x0000000000000000        0x0 c:/program files/microchip/xc8/v2.40/avr/bin/../lib/gcc/avr/5.4.0/../../../../avr/lib/avrxmega3/short-calls\libc.a(__int_vfprintf.o)
 .bss           0x0000000000000000        0x0 c:/program files/microchip/xc8/v2.40/avr/bin/../lib/gcc/avr/5.4.0/../../../../avr/lib/avrxmega3/short-calls\libc.a(__int_vfprintf.o)
 .text.__vfprintf
                0x0000000000000000       0x2a c:/program files/microchip/xc8/v2.40/avr/bin/../lib/gcc/avr/5.4.0/../../../../avr/lib/avrxmega3/short-calls\libc.a(__int_vfprintf.o)
 .comment       0x0000000000000000       0x30 c:/program files/microchip/xc8/v2.40/avr/bin/../lib/gcc/avr/5.4.0/../../../../avr/lib/avrxmega3/short-calls\libc.a(__int_vfprintf.o)
 .note.GNU-stack
                0x0000000000000000        0x0 c:/program files/microchip/xc8/v2.40/avr/bin/../lib/gcc/avr/5.4.0/../../../../avr/lib/avrxmega3/short-calls\libc.a(__int_vfprintf.o)
 .text          0x0000000000000000        0x0 c:/program files/microchip/xc8/v2.40/avr/bin/../lib/gcc/avr/5.4.0/avrxmega3/short-calls\libgcc.a(_exit.o)
 .data          0x0000000000000000        0x0 c:/program files/microchip/xc8/v2.40/avr/bin/../lib/gcc/avr/5.4.0/avrxmega3/short-calls\libgcc.a(_exit.o)
 .bss           0x0000000000000000        0x0 c:/program files/microchip/xc8/v2.40/avr/bin/../lib/gcc/avr/5.4.0/avrxmega3/short-calls\libgcc.a(_exit.o)
 .text.libgcc.mul
                0x0000000000000000        0x0 c:/program files/microchip/xc8/v2.40/avr/bin/../lib/gcc/avr/5.4.0/avrxmega3/short-calls\libgcc.a(_exit.o)
 .text.libgcc.div
                0x0000000000000000        0x0 c:/program files/microchip/xc8/v2.40/avr/bin/../lib/gcc/avr/5.4.0/avrxmega3/short-calls\libgcc.a(_exit.o)
 .text.libgcc   0x0000000000000000        0x0 c:/program files/microchip/xc8/v2.40/avr/bin/../lib/gcc/avr/5.4.0/avrxmega3/short-calls\libgcc.a(_exit.o)
 .text.libgcc.prologue
                0x0000000000000000        0x0 c:/program files/microchip/xc8/v2.40/avr/bin/../lib/gcc/avr/5.4.0/avrxmega3/short-calls\libgcc.a(_exit.o)
 .stack.descriptors
                0x0000000000000000       0x13 c:/program files/microchip/xc8/v2.40/avr/bin/../lib/gcc/avr/5.4.0/avrxmega3/short-calls\libgcc.a(_exit.o)
 .text.libgcc.builtins
                0x0000000000000000        0x0 c:/program files/microchip/xc8/v2.40/avr/bin/../lib/gcc/avr/5.4.0/avrxmega3/short-calls\libgcc.a(_exit.o)
 .text.libgcc.fmul
                0x0000000000000000        0x0 c:/program files/microchip/xc8/v2.40/avr/bin/../lib/gcc/avr/5.4.0/avrxmega3/short-calls\libgcc.a(_exit.o)
 .text.libgcc.fixed
                0x0000000000000000        0x0 c:/program files/microchip/xc8/v2.40/avr/bin/../lib/gcc/avr/5.4.0/avrxmega3/short-calls\libgcc.a(_exit.o)
 .text          0x0000000000000000        0x0 c:/program files/microchip/xc8/v2.40/avr/bin/../lib/gcc/avr/5.4.0/avrxmega3/short-calls\libgcc.a(_prologue.o)
 .data          0x0000000000000000        0x0 c:/program files/microchip/xc8/v2.40/avr/bin/../lib/gcc/avr/5.4.0/avrxmega3/short-calls\libgcc.a(_prologue.o)
 .bss           0x0000000000000000        0x0 c:/program files/microchip/xc8/v2.40/avr/bin/../lib/gcc/avr/5.4.0/avrxmega3/short-calls\libgcc.a(_prologue.o)
 .text.libgcc.mul
                0x0000000000000000        0x0 c:/program files/microchip/xc8/v2.40/avr/bin/../lib/gcc/avr/5.4.0/avrxmega3/short-calls\libgcc.a(_prologue.o)
 .text.libgcc.div
                0x0000000000000000        0x0 c:/program files/microchip/xc8/v2.40/avr/bin/../lib/gcc/avr/5.4.0/avrxmega3/short-calls\libgcc.a(_prologue.o)
 .text.libgcc   0x0000000000000000        0x0 c:/program files/microchip/xc8/v2.40/avr/bin/../lib/gcc/avr/5.4.0/avrxmega3/short-calls\libgcc.a(_prologue.o)
 .text.libgcc.prologue
                0x0000000000000000       0x32 c:/program files/microchip/xc8/v2.40/avr/bin/../lib/gcc/avr/5.4.0/avrxmega3/short-calls\libgcc.a(_prologue.o)
 .text.libgcc.builtins
                0x0000000000000000        0x0 c:/program files/microchip/xc8/v2.40/avr/bin/../lib/gcc/avr/5.4.0/avrxmega3/short-calls\libgcc.a(_prologue.o)
 .text.libgcc.fmul
                0x0000000000000000        0x0 c:/program files/microchip/xc8/v2.40/avr/bin/../lib/gcc/avr/5.4.0/avrxmega3/short-calls\libgcc.a(_prologue.o)
 .text.libgcc.fixed
                0x0000000000000000        0x0 c:/program files/microchip/xc8/v2.40/avr/bin/../lib/gcc/avr/5.4.0/avrxmega3/short-calls\libgcc.a(_prologue.o)
 .text          0x0000000000000000        0x0 c:/program files/microchip/xc8/v2.40/avr/bin/../lib/gcc/avr/5.4.0/avrxmega3/short-calls\libgcc.a(_epilogue.o)
 .data          0x0000000000000000        0x0 c:/program files/microchip/xc8/v2.40/avr/bin/../lib/gcc/avr/5.4.0/avrxmega3/short-calls\libgcc.a(_epilogue.o)
 .bss           0x0000000000000000        0x0 c:/program files/microchip/xc8/v2.40/avr/bin/../lib/gcc/avr/5.4.0/avrxmega3/short-calls\libgcc.a(_epilogue.o)
 .text.libgcc.mul
                0x0000000000000000        0x0 c:/program files/microchip/xc8/v2.40/avr/bin/../lib/gcc/avr/5.4.0/avrxmega3/short-calls\libgcc.a(_epilogue.o)
 .text.libgcc.div
                0x0000000000000000        0x0 c:/program files/microchip/xc8/v2.40/avr/bin/../lib/gcc/avr/5.4.0/avrxmega3/short-calls\libgcc.a(_epilogue.o)
 .text.libgcc   0x0000000000000000        0x0 c:/program files/microchip/xc8/v2.40/avr/bin/../lib/gcc/avr/5.4.0/avrxmega3/short-calls\libgcc.a(_epilogue.o)
 .text.libgcc.prologue
                0x0000000000000000       0x30 c:/program files/microchip/xc8/v2.40/avr/bin/../lib/gcc/avr/5.4.0/avrxmega3/short-calls\libgcc.a(_epilogue.o)
 .text.libgcc.builtins
                0x0000000000000000        0x0 c:/program files/microchip/xc8/v2.40/avr/bin/../lib/gcc/avr/5.4.0/avrxmega3/short-calls\libgcc.a(_epilogue.o)
 .text.libgcc.fmul
                0x0000000000000000        0x0 c:/program files/microchip/xc8/v2.40/avr/bin/../lib/gcc/avr/5.4.0/avrxmega3/short-calls\libgcc.a(_epilogue.o)
 .text.libgcc.fixed
                0x0000000000000000        0x0 c:/program files/microchip/xc8/v2.40/avr/bin/../lib/gcc/avr/5.4.0/avrxmega3/short-calls\libgcc.a(_epilogue.o)

Memory Configuration

Name             Origin             Length             Attributes
text             0x0000000000000000 0x0000000000001000 xr
data             0x0000000000803f00 0x0000000000000100 rw !x
eeprom           0x0000000000810000 0x0000000000000080 rw !x
fuse             0x0000000000820000 0x000000000000000a rw !x
lock             0x0000000000830000 0x0000000000000400 rw !x
signature        0x0000000000840000 0x0000000000000400 rw !x
user_signatures  0x0000000000850000 0x0000000000000400 rw !x
*default*        0x0000000000000000 0xffffffffffffffff

Linker script and memory map

Address of section .data set to 0x803f00
                0x0000000000008000                __RODATA_PM_OFFSET__ = 0x8000
LOAD C:/Program Files/Microchip/xc8/v2.40/dfp/xc8/avr/lib/avrxmega3/short-calls/crtattiny416.o
                0x0000000000000001                __MPLAB_BUILD = 0x1
LOAD build/Default/production/examples/src/i2c_master_example.o
LOAD build/Default/production/examples/src/usart_basic_example.o
LOAD build/Default/production/src/driver_init.o
LOAD build/Default/production/src/bod.o
LOAD build/Default/production/src/clkctrl.o
LOAD build/Default/production/src/cpuint.o
LOAD build/Default/production/src/i2c_master.o
LOAD build/Default/production/src/i2c_simple_master.o
LOAD build/Default/production/src/i2c_types.o
LOAD build/Default/production/src/protected_io.o
LOAD build/Default/production/src/rtc.o
LOAD build/Default/production/src/slpctrl.o
LOAD build/Default/production/src/tca.o
LOAD build/Default/production/src/usart_basic.o
LOAD build/Default/production/src/wdt.o
LOAD build/Default/production/main.o
LOAD build/Default/production/driver_isr.o
LOAD build/Default/production/atmel_start.o
START GROUP
LOAD c:/program files/microchip/xc8/v2.40/avr/bin/../lib/gcc/avr/5.4.0/../../../../avr/lib/avrxmega3/short-calls\libm.a
END GROUP
START GROUP
LOAD c:/program files/microchip/xc8/v2.40/avr/bin/../lib/gcc/avr/5.4.0/avrxmega3/short-calls\libgcc.a
LOAD c:/program files/microchip/xc8/v2.40/avr/bin/../lib/gcc/avr/5.4.0/../../../../avr/lib/avrxmega3/short-calls\libm.a
LOAD c:/program files/microchip/xc8/v2.40/avr/bin/../lib/gcc/avr/5.4.0/../../../../avr/lib/avrxmega3/short-calls\libc.a
LOAD C:/Program Files/Microchip/xc8/v2.40/dfp/xc8/avr/lib/avrxmega3/short-calls\libattiny416.a
END GROUP
                [0x0000000000000000]                __TEXT_REGION_ORIGIN__ = DEFINED (__TEXT_REGION_ORIGIN__)?__TEXT_REGION_ORIGIN__:0x0
                [0x0000000000803f00]                __DATA_REGION_ORIGIN__ = DEFINED (__DATA_REGION_ORIGIN__)?__DATA_REGION_ORIGIN__:0x802000
                [0x0000000000001000]                __TEXT_REGION_LENGTH__ = DEFINED (__TEXT_REGION_LENGTH__)?__TEXT_REGION_LENGTH__:0x100000
                [0x0000000000000100]                __DATA_REGION_LENGTH__ = DEFINED (__DATA_REGION_LENGTH__)?__DATA_REGION_LENGTH__:0xffa0
                [0x0000000000000080]                __EEPROM_REGION_LENGTH__ = DEFINED (__EEPROM_REGION_LENGTH__)?__EEPROM_REGION_LENGTH__:0x10000
                [0x000000000000000a]                __FUSE_REGION_LENGTH__ = DEFINED (__FUSE_REGION_LENGTH__)?__FUSE_REGION_LENGTH__:0x400
                0x0000000000000400                __LOCK_REGION_LENGTH__ = DEFINED (__LOCK_REGION_LENGTH__)?__LOCK_REGION_LENGTH__:0x400
                0x0000000000000400                __SIGNATURE_REGION_LENGTH__ = DEFINED (__SIGNATURE_REGION_LENGTH__)?__SIGNATURE_REGION_LENGTH__:0x400
                0x0000000000000400                __USER_SIGNATURE_REGION_LENGTH__ = DEFINED (__USER_SIGNATURE_REGION_LENGTH__)?__USER_SIGNATURE_REGION_LENGTH__:0x400
                0x0000000000008000                __RODATA_PM_OFFSET__ = DEFINED (__RODATA_PM_OFFSET__)?__RODATA_PM_OFFSET__:0x8000

.hash
 *(.hash)

.dynsym
 *(.dynsym)

.dynstr
 *(.dynstr)

.gnu.version
 *(.gnu.version)

.gnu.version_d
 *(.gnu.version_d)

.gnu.version_r
 *(.gnu.version_r)

.rel.init
 *(.rel.init)

.rela.init
 *(.rela.init)

.rel.text
 *(.rel.text)
 *(.rel.text.*)
 *(.rel.gnu.linkonce.t*)

.rela.text
 *(.rela.text)
 *(.rela.text.*)
 *(.rela.gnu.linkonce.t*)

.rel.fini
 *(.rel.fini)

.rela.fini
 *(.rela.fini)

.rel.rodata
 *(.rel.rodata)
 *(.rel.rodata.*)
 *(.rel.gnu.linkonce.r*)

.rela.rodata
 *(.rela.rodata)
 *(.rela.rodata.*)
 *(.rela.gnu.linkonce.r*)

.rel.data
 *(.rel.data)
 *(.rel.data.*)
 *(.rel.gnu.linkonce.d*)

.rela.data
 *(.rela.data)
 *(.rela.data.*)
 *(.rela.gnu.linkonce.d*)

.rel.ctors
 *(.rel.ctors)

.rela.ctors
 *(.rela.ctors)

.rel.dtors
 *(.rel.dtors)

.rela.dtors
 *(.rela.dtors)

.rel.got
 *(.rel.got)

.rela.got
 *(.rela.got)

.rel.bss
 *(.rel.bss)

.rela.bss
 *(.rela.bss)

.rel.plt
 *(.rel.plt)

.rela.plt
 *(.rela.plt)

.text           0x0000000000000000       0x9c
 *(.vectors)
 .vectors       0x0000000000000000       0x34 C:/Program Files/Microchip/xc8/v2.40/dfp/xc8/avr/lib/avrxmega3/short-calls/crtattiny416.o
                0x0000000000000000                __vector_default
                0x0000000000000000                __vectors
 *(.vectors)
 *(.progmem.gcc*)
 *(.dinit)
 .dinit         0x0000000000000034       0x18 data_init
                0x000000000000004c                . = ALIGN (0x2)
 *fill*         0x000000000000004c        0x0 
                0x000000000000004c                __trampolines_start = .
 *(.trampolines)
 .trampolines   0x000000000000004c        0x0 linker stubs
 *(.trampolines*)
                0x000000000000004c                __trampolines_end = .
 *libprintf_flt.a:*(.progmem.data)
 *libc.a:*(.progmem.data)
                0x000000000000004c                . = ALIGN (0x2)
 *(.jumptables)
 *(.jumptables*)
 *(.lowtext)
 *(.lowtext*)
                0x000000000000004c                __ctors_start = .
 *(.ctors)
                0x000000000000004c                __ctors_end = .
                0x000000000000004c                __dtors_start = .
 *(.dtors)
                0x000000000000004c                __dtors_end = .
 SORT(*)(.ctors)
 SORT(*)(.dtors)
 *(.init0)
 .init0         0x000000000000004c        0x0 C:/Program Files/Microchip/xc8/v2.40/dfp/xc8/avr/lib/avrxmega3/short-calls/crtattiny416.o
                0x000000000000004c                __init
 *(.init0)
 *(.init1)
 *(.init1)
 *(.init2)
 .init2         0x000000000000004c        0xc C:/Program Files/Microchip/xc8/v2.40/dfp/xc8/avr/lib/avrxmega3/short-calls/crtattiny416.o
 *(.init2)
 *(.init3)
 *(.init3)
 *(.init4)
 .init4         0x0000000000000058       0x3c c:/program files/microchip/xc8/v2.40/avr/bin/../lib/gcc/avr/5.4.0/avrxmega3/short-calls\libgcc.a(_copy_data.o)
                0x0000000000000058                __do_copy_data
                0x0000000000000086                __do_clear_bss
 *(.init4)
 *(.init5)
 *(.init5)
 *(.init6)
 *(.init6)
 *(.init7)
 *(.init7)
 *(.init8)
 *(.init8)
 *(.init9)
 .init9         0x0000000000000094        0x4 C:/Program Files/Microchip/xc8/v2.40/dfp/xc8/avr/lib/avrxmega3/short-calls/crtattiny416.o
 *(.init9)
                0x0000000000000098                . = ALIGN (0x2)
 *(.fini9)
 .fini9         0x0000000000000098        0x0 c:/program files/microchip/xc8/v2.40/avr/bin/../lib/gcc/avr/5.4.0/avrxmega3/short-calls\libgcc.a(_exit.o)
                0x0000000000000098                _exit
 *(.fini9)
 *(.fini8)
 *(.fini8)
 *(.fini7)
 *(.fini7)
 *(.fini6)
 *(.fini6)
 *(.fini5)
 *(.fini5)
 *(.fini4)
 *(.fini4)
 *(.fini3)
 *(.fini3)
 *(.fini2)
 *(.fini2)
 *(.fini1)
 *(.fini1)
 *(.fini0)
 .fini0         0x0000000000000098        0x4 c:/program files/microchip/xc8/v2.40/avr/bin/../lib/gcc/avr/5.4.0/avrxmega3/short-calls\libgcc.a(_exit.o)
 *(.fini0)
                0x000000000000009c                _etext = .

.data           0x0000000000803f00        0x0 load address 0x000000000000009c
                [!provide]                        PROVIDE (__data_start, .)
 *(.gnu.linkonce.d*)
                0x0000000000803f00                . = ALIGN (0x2)
                0x0000000000803f00                _edata = .
                [!provide]                        PROVIDE (__data_end, .)

.bss            0x0000000000803f00        0x0
                [!provide]                        PROVIDE (__bss_start, .)
 *(COMMON)
                [!provide]                        PROVIDE (__bss_end, .)
                0x000000000000009c                __data_load_start = LOADADDR (.data)
                0x000000000000009c                __data_load_end = (__data_load_start + SIZEOF (.data))

.noinit         0x0000000000803f00        0x0
                [!provide]                        PROVIDE (__noinit_start, .)
 *(.noinit*)
                [!provide]                        PROVIDE (__noinit_end, .)
                0x0000000000803f00                _end = .

.eeprom         0x0000000000810000        0x0
 *(.eeprom*)
                0x0000000000810000                __eeprom_end = .

.fuse
 *(.fuse)
 *(.lfuse)
 *(.hfuse)
 *(.efuse)

.lock
 *(.lock*)

.signature
 *(.signature*)

.user_signatures
 *(.user_signatures*)

.stab
 *(.stab)

.stabstr
 *(.stabstr)

.stab.excl
 *(.stab.excl)

.stab.exclstr
 *(.stab.exclstr)

.stab.index
 *(.stab.index)

.stab.indexstr
 *(.stab.indexstr)

.comment        0x0000000000000000       0x2f
 *(.comment)
 .comment       0x0000000000000000       0x2f build/Default/production/src/driver_init.o
                                         0x30 (size before relaxing)
 .comment       0x000000000000002f       0x30 build/Default/production/src/bod.o
 .comment       0x000000000000002f       0x30 build/Default/production/src/clkctrl.o
 .comment       0x000000000000002f       0x30 build/Default/production/src/cpuint.o
 .comment       0x000000000000002f       0x30 build/Default/production/src/i2c_master.o
 .comment       0x000000000000002f       0x30 build/Default/production/src/rtc.o
 .comment       0x000000000000002f       0x30 build/Default/production/src/slpctrl.o
 .comment       0x000000000000002f       0x30 build/Default/production/src/tca.o
 .comment       0x000000000000002f       0x30 build/Default/production/src/usart_basic.o
 .comment       0x000000000000002f       0x30 build/Default/production/src/wdt.o
 .comment       0x000000000000002f       0x30 build/Default/production/main.o
 .comment       0x000000000000002f       0x30 build/Default/production/driver_isr.o
 .comment       0x000000000000002f       0x30 build/Default/production/atmel_start.o
 .comment       0x000000000000002f       0x30 c:/program files/microchip/xc8/v2.40/avr/bin/../lib/gcc/avr/5.4.0/../../../../avr/lib/avrxmega3/short-calls\libc.a(exit.o)
 .comment       0x000000000000002f       0x30 c:/program files/microchip/xc8/v2.40/avr/bin/../lib/gcc/avr/5.4.0/../../../../avr/lib/avrxmega3/short-calls\libc.a(stdout.o)
 .comment       0x000000000000002f       0x30 c:/program files/microchip/xc8/v2.40/avr/bin/../lib/gcc/avr/5.4.0/../../../../avr/lib/avrxmega3/short-calls\libc.a(_Exit.o)

.note.GNU-stack
                0x0000000000000000        0x0
 .note.GNU-stack
                0x0000000000000000        0x0 c:/program files/microchip/xc8/v2.40/avr/bin/../lib/gcc/avr/5.4.0/../../../../avr/lib/avrxmega3/short-calls\libc.a(exit.o)
 .note.GNU-stack
                0x0000000000000000        0x0 c:/program files/microchip/xc8/v2.40/avr/bin/../lib/gcc/avr/5.4.0/../../../../avr/lib/avrxmega3/short-calls\libc.a(stdout.o)
 .note.GNU-stack
                0x0000000000000000        0x0 c:/program files/microchip/xc8/v2.40/avr/bin/../lib/gcc/avr/5.4.0/../../../../avr/lib/avrxmega3/short-calls\libc.a(_Exit.o)

.stack.descriptors.hdr
                0x0000000000000000        0xe
 .stack.descriptors.hdr
                0x0000000000000000        0xe c:/program files/microchip/xc8/v2.40/avr/bin/../lib/gcc/avr/5.4.0/avrxmega3/short-calls\libgcc.a(_exit.o)

.note.gnu.build-id
 *(.note.gnu.build-id)

.debug
 *(.debug)

.line
 *(.line)

.debug_srcinfo
 *(.debug_srcinfo)

.debug_sfnames
 *(.debug_sfnames)

.debug_aranges  0x0000000000000000      0x368
 *(.debug_aranges)
 .debug_aranges
                0x0000000000000000       0x40 build/Default/production/src/driver_init.o
 .debug_aranges
                0x0000000000000040       0x20 build/Default/production/src/bod.o
 .debug_aranges
                0x0000000000000060       0x20 build/Default/production/src/clkctrl.o
 .debug_aranges
                0x0000000000000080       0x20 build/Default/production/src/cpuint.o
 .debug_aranges
                0x00000000000000a0      0x148 build/Default/production/src/i2c_master.o
 .debug_aranges
                0x00000000000001e8       0x20 build/Default/production/src/protected_io.o
 .debug_aranges
                0x0000000000000208       0x20 build/Default/production/src/rtc.o
 .debug_aranges
                0x0000000000000228       0x28 build/Default/production/src/slpctrl.o
 .debug_aranges
                0x0000000000000250       0x20 build/Default/production/src/tca.o
 .debug_aranges
                0x0000000000000270       0x78 build/Default/production/src/usart_basic.o
 .debug_aranges
                0x00000000000002e8       0x20 build/Default/production/src/wdt.o
 .debug_aranges
                0x0000000000000308       0x20 build/Default/production/main.o
 .debug_aranges
                0x0000000000000328       0x20 build/Default/production/driver_isr.o
 .debug_aranges
                0x0000000000000348       0x20 build/Default/production/atmel_start.o

.debug_pubnames
 *(.debug_pubnames)

.debug_info     0x0000000000000000     0x7895
 *(.debug_info .gnu.linkonce.wi.*)
 .debug_info    0x0000000000000000     0x19c7 C:/Program Files/Microchip/xc8/v2.40/dfp/xc8/avr/lib/avrxmega3/short-calls/crtattiny416.o
 .debug_info    0x00000000000019c7     0x1aff build/Default/production/src/driver_init.o
 .debug_info    0x00000000000034c6      0x285 build/Default/production/src/bod.o
 .debug_info    0x000000000000374b      0x55b build/Default/production/src/clkctrl.o
 .debug_info    0x0000000000003ca6      0x28b build/Default/production/src/cpuint.o
 .debug_info    0x0000000000003f31     0x14f4 build/Default/production/src/i2c_master.o
 .debug_info    0x0000000000005425       0x9a build/Default/production/src/protected_io.o
 .debug_info    0x00000000000054bf      0x534 build/Default/production/src/rtc.o
 .debug_info    0x00000000000059f3      0x3d5 build/Default/production/src/slpctrl.o
 .debug_info    0x0000000000005dc8      0x287 build/Default/production/src/tca.o
 .debug_info    0x000000000000604f      0x7fc build/Default/production/src/usart_basic.o
 .debug_info    0x000000000000684b      0x5f5 build/Default/production/src/wdt.o
 .debug_info    0x0000000000006e40      0x50e build/Default/production/main.o
 .debug_info    0x000000000000734e      0x29a build/Default/production/driver_isr.o
 .debug_info    0x00000000000075e8      0x2ad build/Default/production/atmel_start.o

.debug_abbrev   0x0000000000000000     0x25e7
 *(.debug_abbrev)
 .debug_abbrev  0x0000000000000000     0x1864 C:/Program Files/Microchip/xc8/v2.40/dfp/xc8/avr/lib/avrxmega3/short-calls/crtattiny416.o
 .debug_abbrev  0x0000000000001864      0x20a build/Default/production/src/driver_init.o
 .debug_abbrev  0x0000000000001a6e       0x46 build/Default/production/src/bod.o
 .debug_abbrev  0x0000000000001ab4      0x10c build/Default/production/src/clkctrl.o
 .debug_abbrev  0x0000000000001bc0       0x46 build/Default/production/src/cpuint.o
 .debug_abbrev  0x0000000000001c06      0x31e build/Default/production/src/i2c_master.o
 .debug_abbrev  0x0000000000001f24       0x14 build/Default/production/src/protected_io.o
 .debug_abbrev  0x0000000000001f38       0xc1 build/Default/production/src/rtc.o
 .debug_abbrev  0x0000000000001ff9       0xcb build/Default/production/src/slpctrl.o
 .debug_abbrev  0x00000000000020c4       0x46 build/Default/production/src/tca.o
 .debug_abbrev  0x000000000000210a      0x1f2 build/Default/production/src/usart_basic.o
 .debug_abbrev  0x00000000000022fc       0xfa build/Default/production/src/wdt.o
 .debug_abbrev  0x00000000000023f6      0x153 build/Default/production/main.o
 .debug_abbrev  0x0000000000002549       0x46 build/Default/production/driver_isr.o
 .debug_abbrev  0x000000000000258f       0x58 build/Default/production/atmel_start.o

.debug_line     0x0000000000000000     0x154c
 *(.debug_line .debug_line.* .debug_line_end)
 .debug_line    0x0000000000000000      0x136 C:/Program Files/Microchip/xc8/v2.40/dfp/xc8/avr/lib/avrxmega3/short-calls/crtattiny416.o
 .debug_line    0x0000000000000136      0x320 build/Default/production/src/driver_init.o
 .debug_line    0x0000000000000456       0x85 build/Default/production/src/bod.o
 .debug_line    0x00000000000004db       0xcf build/Default/production/src/clkctrl.o
 .debug_line    0x00000000000005aa       0x8e build/Default/production/src/cpuint.o
 .debug_line    0x0000000000000638      0x794 build/Default/production/src/i2c_master.o
 .debug_line    0x0000000000000dcc       0x52 build/Default/production/src/protected_io.o
 .debug_line    0x0000000000000e1e       0xb0 build/Default/production/src/rtc.o
 .debug_line    0x0000000000000ece       0xb8 build/Default/production/src/slpctrl.o
 .debug_line    0x0000000000000f86       0x85 build/Default/production/src/tca.o
 .debug_line    0x000000000000100b      0x23d build/Default/production/src/usart_basic.o
 .debug_line    0x0000000000001248       0xcb build/Default/production/src/wdt.o
 .debug_line    0x0000000000001313      0x14f build/Default/production/main.o
 .debug_line    0x0000000000001462       0x8e build/Default/production/driver_isr.o
 .debug_line    0x00000000000014f0       0x5c build/Default/production/atmel_start.o

.debug_frame    0x0000000000000000      0x584
 *(.debug_frame)
 .debug_frame   0x0000000000000000       0x64 build/Default/production/src/driver_init.o
 .debug_frame   0x0000000000000064       0x24 build/Default/production/src/bod.o
 .debug_frame   0x0000000000000088       0x24 build/Default/production/src/clkctrl.o
 .debug_frame   0x00000000000000ac       0x24 build/Default/production/src/cpuint.o
 .debug_frame   0x00000000000000d0      0x2d4 build/Default/production/src/i2c_master.o
 .debug_frame   0x00000000000003a4       0x24 build/Default/production/src/rtc.o
 .debug_frame   0x00000000000003c8       0x34 build/Default/production/src/slpctrl.o
 .debug_frame   0x00000000000003fc       0x24 build/Default/production/src/tca.o
 .debug_frame   0x0000000000000420       0xd4 build/Default/production/src/usart_basic.o
 .debug_frame   0x00000000000004f4       0x24 build/Default/production/src/wdt.o
 .debug_frame   0x0000000000000518       0x24 build/Default/production/main.o
 .debug_frame   0x000000000000053c       0x24 build/Default/production/driver_isr.o
 .debug_frame   0x0000000000000560       0x24 build/Default/production/atmel_start.o

.debug_str      0x0000000000000000      0xb94
 *(.debug_str)
 .debug_str     0x0000000000000000      0xab9 C:/Program Files/Microchip/xc8/v2.40/dfp/xc8/avr/lib/avrxmega3/short-calls/crtattiny416.o
 .debug_str     0x0000000000000ab9       0x90 build/Default/production/src/driver_init.o
 .debug_str     0x0000000000000b49        0x0 build/Default/production/src/bod.o
 .debug_str     0x0000000000000b49       0x13 build/Default/production/src/clkctrl.o
 .debug_str     0x0000000000000b5c        0x0 build/Default/production/src/cpuint.o
 .debug_str     0x0000000000000b5c        0x8 build/Default/production/src/i2c_master.o
 .debug_str     0x0000000000000b64        0x0 build/Default/production/src/rtc.o
 .debug_str     0x0000000000000b64        0x0 build/Default/production/src/slpctrl.o
 .debug_str     0x0000000000000b64        0x0 build/Default/production/src/tca.o
 .debug_str     0x0000000000000b64        0x0 build/Default/production/src/usart_basic.o
 .debug_str     0x0000000000000b64       0x13 build/Default/production/src/wdt.o
 .debug_str     0x0000000000000b77       0x11 build/Default/production/main.o
 .debug_str     0x0000000000000b88        0x0 build/Default/production/driver_isr.o
 .debug_str     0x0000000000000b88        0xc build/Default/production/atmel_start.o

.debug_loc      0x0000000000000000      0xc2f
 *(.debug_loc)
 .debug_loc     0x0000000000000000      0x6a6 build/Default/production/src/driver_init.o
 .debug_loc     0x00000000000006a6       0x29 build/Default/production/src/clkctrl.o
 .debug_loc     0x00000000000006cf      0x449 build/Default/production/src/i2c_master.o
 .debug_loc     0x0000000000000b18       0x21 build/Default/production/src/slpctrl.o
 .debug_loc     0x0000000000000b39       0x47 build/Default/production/src/usart_basic.o
 .debug_loc     0x0000000000000b80       0x2b build/Default/production/src/wdt.o
 .debug_loc     0x0000000000000bab       0x84 build/Default/production/main.o

.debug_macinfo
 *(.debug_macinfo)

.debug_weaknames
 *(.debug_weaknames)

.debug_funcnames
 *(.debug_funcnames)

.debug_typenames
 *(.debug_typenames)

.debug_varnames
 *(.debug_varnames)

.debug_pubtypes
 *(.debug_pubtypes)

.debug_ranges   0x0000000000000000      0x278
 *(.debug_ranges)
 .debug_ranges  0x0000000000000000       0x30 build/Default/production/src/driver_init.o
 .debug_ranges  0x0000000000000030       0x10 build/Default/production/src/bod.o
 .debug_ranges  0x0000000000000040       0x10 build/Default/production/src/clkctrl.o
 .debug_ranges  0x0000000000000050       0x10 build/Default/production/src/cpuint.o
 .debug_ranges  0x0000000000000060      0x138 build/Default/production/src/i2c_master.o
 .debug_ranges  0x0000000000000198       0x10 build/Default/production/src/rtc.o
 .debug_ranges  0x00000000000001a8       0x18 build/Default/production/src/slpctrl.o
 .debug_ranges  0x00000000000001c0       0x10 build/Default/production/src/tca.o
 .debug_ranges  0x00000000000001d0       0x68 build/Default/production/src/usart_basic.o
 .debug_ranges  0x0000000000000238       0x10 build/Default/production/src/wdt.o
 .debug_ranges  0x0000000000000248       0x10 build/Default/production/main.o
 .debug_ranges  0x0000000000000258       0x10 build/Default/production/driver_isr.o
 .debug_ranges  0x0000000000000268       0x10 build/Default/production/atmel_start.o

.debug_macro
 *(.debug_macro)
OUTPUT(dist/Default/production/BenchyPSFirmware.X.production.elf elf32-avr)
LOAD linker stubs
LOAD data_init

.note.gnu.avr.deviceinfo
                0x0000000000000000       0x3c
 .note.gnu.avr.deviceinfo
                0x0000000000000000       0x3c C:/Program Files/Microchip/xc8/v2.40/dfp/xc8/avr/lib/avrxmega3/short-calls/crtattiny416.o

.bss.I2C_status
                0x0000000000803f24       0x24
 .bss.I2C_status
                0x0000000000803f24       0x24 build/Default/production/src/i2c_master.o
                0x0000000000803f24                I2C_status

.bss.__stdout   0x0000000000803f5a        0x2
 .bss.__stdout  0x0000000000803f5a        0x2 c:/program files/microchip/xc8/v2.40/avr/bin/../lib/gcc/avr/5.4.0/../../../../avr/lib/avrxmega3/short-calls\libc.a(stdout.o)

.text.I2C_do_I2C_RX
                0x000000000000009c       0xb6
 .text.I2C_do_I2C_RX
                0x000000000000009c       0xb6 build/Default/production/src/i2c_master.o

.text.system_init
                0x0000000000000152       0x76
 .text.system_init
                0x0000000000000152       0x76 build/Default/production/src/driver_init.o
                0x0000000000000152                system_init

.text.I2C_do_I2C_TX_EMPTY
                0x00000000000001c8       0x6c
 .text.I2C_do_I2C_TX_EMPTY
                0x00000000000001c8       0x6c build/Default/production/src/i2c_master.o

.text.I2C_do_I2C_TX
                0x0000000000000234       0x66
 .text.I2C_do_I2C_TX
                0x0000000000000234       0x66 build/Default/production/src/i2c_master.o

.text.I2C_master_isr
                0x000000000000029a       0x60
 .text.I2C_master_isr
                0x000000000000029a       0x60 build/Default/production/src/i2c_master.o

.text.__vector_20
                0x00000000000002fa       0x46
 .text.__vector_20
                0x00000000000002fa       0x46 build/Default/production/src/i2c_master.o
                0x00000000000002fa                __vector_20

.text.I2C_do_I2C_BUS_COLLISION
                0x0000000000000340       0x3e
 .text.I2C_do_I2C_BUS_COLLISION
                0x0000000000000340       0x3e build/Default/production/src/i2c_master.o

.text.I2C_do_I2C_DO_ADDRESS_NACK
                0x000000000000037e       0x3a
 .text.I2C_do_I2C_DO_ADDRESS_NACK
                0x000000000000037e       0x3a build/Default/production/src/i2c_master.o

.text.mcu_init  0x00000000000003b8       0x38
 .text.mcu_init
                0x00000000000003b8       0x38 build/Default/production/src/driver_init.o
                0x00000000000003b8                mcu_init

.text.I2C_initialization
                0x00000000000003f0       0x38
 .text.I2C_initialization
                0x00000000000003f0       0x38 build/Default/production/src/driver_init.o
                0x00000000000003f0                I2C_initialization

.text.main      0x0000000000000428       0x28
 .text.main     0x0000000000000428       0x28 build/Default/production/main.o
                0x0000000000000428                main

.text.USART_init
                0x0000000000000450       0x24
 .text.USART_init
                0x0000000000000450       0x24 build/Default/production/src/usart_basic.o
                0x0000000000000450                USART_init

.text.I2C_do_I2C_BUS_ERROR
                0x0000000000000474       0x22
 .text.I2C_do_I2C_BUS_ERROR
                0x0000000000000474       0x22 build/Default/production/src/i2c_master.o

.text.I2C_do_I2C_RESET
                0x0000000000000496       0x20
 .text.I2C_do_I2C_RESET
                0x0000000000000496       0x20 build/Default/production/src/i2c_master.o

.text.I2C_do_I2C_DO_NACK_STOP
                0x00000000000004b6       0x20
 .text.I2C_do_I2C_DO_NACK_STOP
                0x00000000000004b6       0x20 build/Default/production/src/i2c_master.o

.text.I2C_do_I2C_SEND_STOP
                0x00000000000004d6       0x1a
 .text.I2C_do_I2C_SEND_STOP
                0x00000000000004d6       0x1a build/Default/production/src/i2c_master.o

.text.I2C_do_I2C_SEND_ADR_READ
                0x00000000000004f0       0x18
 .text.I2C_do_I2C_SEND_ADR_READ
                0x00000000000004f0       0x18 build/Default/production/src/i2c_master.o

.text.I2C_do_I2C_SEND_ADR_WRITE
                0x0000000000000508       0x16
 .text.I2C_do_I2C_SEND_ADR_WRITE
                0x0000000000000508       0x16 build/Default/production/src/i2c_master.o

.text.USART_initialization
                0x000000000000051e       0x14
 .text.USART_initialization
                0x000000000000051e       0x14 build/Default/production/src/driver_init.o
                0x000000000000051e                USART_initialization

.text.I2C_do_I2C_IDLE
                0x0000000000000532       0x10
 .text.I2C_do_I2C_IDLE
                0x0000000000000532       0x10 build/Default/production/src/i2c_master.o

.text.USART_write
                0x0000000000000542       0x10
 .text.USART_write
                0x0000000000000542       0x10 build/Default/production/src/usart_basic.o
                0x0000000000000542                USART_write

.text.CLKCTRL_init
                0x0000000000000552        0xe
 .text.CLKCTRL_init
                0x0000000000000552        0xe build/Default/production/src/clkctrl.o
                0x0000000000000552                CLKCTRL_init

.text.I2C_do_I2C_RX_DO_ACK
                0x0000000000000560        0xe
 .text.I2C_do_I2C_RX_DO_ACK
                0x0000000000000560        0xe build/Default/production/src/i2c_master.o

.text.I2C_do_I2C_TX_DO_ACK
                0x000000000000056e        0xe
 .text.I2C_do_I2C_TX_DO_ACK
                0x000000000000056e        0xe build/Default/production/src/i2c_master.o

.text.I2C_do_I2C_DO_NACK_RESTART
                0x000000000000057c        0xe
 .text.I2C_do_I2C_DO_NACK_RESTART
                0x000000000000057c        0xe build/Default/production/src/i2c_master.o

.text.I2C_init  0x000000000000058a        0xe
 .text.I2C_init
                0x000000000000058a        0xe build/Default/production/src/i2c_master.o
                0x000000000000058a                I2C_init

.text.WDT_init  0x0000000000000598        0xe
 .text.WDT_init
                0x0000000000000598        0xe build/Default/production/src/wdt.o
                0x0000000000000598                WDT_init

.text.exit      0x00000000000005a6        0xe
 .text.exit     0x00000000000005a6        0xe c:/program files/microchip/xc8/v2.40/avr/bin/../lib/gcc/avr/5.4.0/../../../../avr/lib/avrxmega3/short-calls\libc.a(exit.o)
                0x00000000000005a6                exit

.text.RTC_init  0x00000000000005b4        0xc
 .text.RTC_init
                0x00000000000005b4        0xc build/Default/production/src/rtc.o
                0x00000000000005b4                RTC_init

.text.__vector_3
                0x00000000000005c0        0xa
 .text.__vector_3
                0x00000000000005c0        0xa build/Default/production/driver_isr.o
                0x00000000000005c0                __vector_3

.text.protected_write_io
                0x00000000000005ca        0x8
 .text.protected_write_io
                0x00000000000005ca        0x8 build/Default/production/src/protected_io.o
                0x00000000000005ca                protected_write_io

.text.USART_printCHAR
                0x00000000000005d2        0x8
 .text.USART_printCHAR
                0x00000000000005d2        0x8 build/Default/production/src/usart_basic.o
                0x00000000000005d2                USART_printCHAR

.text.CPUINT_init
                0x00000000000005da        0x6
 .text.CPUINT_init
                0x00000000000005da        0x6 build/Default/production/src/cpuint.o
                0x00000000000005da                CPUINT_init

.text.BOD_init  0x00000000000005e0        0x4
 .text.BOD_init
                0x00000000000005e0        0x4 build/Default/production/src/bod.o
                0x00000000000005e0                BOD_init

.text.I2C_do_I2C_SEND_RESTART
                0x00000000000005e4        0x4
 .text.I2C_do_I2C_SEND_RESTART
                0x00000000000005e4        0x4 build/Default/production/src/i2c_master.o

.text.I2C_do_I2C_SEND_RESTART_READ
                0x00000000000005e8        0x4
 .text.I2C_do_I2C_SEND_RESTART_READ
                0x00000000000005e8        0x4 build/Default/production/src/i2c_master.o

.text.I2C_do_I2C_SEND_RESTART_WRITE
                0x00000000000005ec        0x4
 .text.I2C_do_I2C_SEND_RESTART_WRITE
                0x00000000000005ec        0x4 build/Default/production/src/i2c_master.o

.text.SLPCTRL_init
                0x00000000000005f0        0x4
 .text.SLPCTRL_init
                0x00000000000005f0        0x4 build/Default/production/src/slpctrl.o
                0x00000000000005f0                SLPCTRL_init

.text.TIMER_init
                0x00000000000005f4        0x4
 .text.TIMER_init
                0x00000000000005f4        0x4 build/Default/production/src/tca.o
                0x00000000000005f4                TIMER_init

.text.atmel_start_init
                0x00000000000005f8        0x4
 .text.atmel_start_init
                0x00000000000005f8        0x4 build/Default/production/atmel_start.o
                0x00000000000005f8                atmel_start_init

.text           0x00000000000005fc        0x2
 .text          0x00000000000005fc        0x2 C:/Program Files/Microchip/xc8/v2.40/dfp/xc8/avr/lib/avrxmega3/short-calls/crtattiny416.o
                0x00000000000005fc                __vector_22
                0x00000000000005fc                __vector_1
                0x00000000000005fc                __vector_24
                0x00000000000005fc                __vector_12
                0x00000000000005fc                __bad_interrupt
                0x00000000000005fc                __vector_6
                0x00000000000005fc                __vector_23
                0x00000000000005fc                __vector_25
                0x00000000000005fc                __vector_11
                0x00000000000005fc                __vector_13
                0x00000000000005fc                __vector_17
                0x00000000000005fc                __vector_19
                0x00000000000005fc                __vector_7
                0x00000000000005fc                __vector_5
                0x00000000000005fc                __vector_4
                0x00000000000005fc                __vector_9
                0x00000000000005fc                __vector_2
                0x00000000000005fc                __vector_21
                0x00000000000005fc                __vector_15
                0x00000000000005fc                __vector_8
                0x00000000000005fc                __vector_14
                0x00000000000005fc                __vector_10
                0x00000000000005fc                __vector_16
                0x00000000000005fc                __vector_18

.text.__dummy_fini
                0x00000000000005fe        0x2
 .text.__dummy_fini
                0x00000000000005fe        0x2 c:/program files/microchip/xc8/v2.40/avr/bin/../lib/gcc/avr/5.4.0/../../../../avr/lib/avrxmega3/short-calls\libc.a(exit.o)
                0x00000000000005fe                _fini

.text.__dummy_funcs_on_exit
                0x0000000000000600        0x2
 .text.__dummy_funcs_on_exit
                0x0000000000000600        0x2 c:/program files/microchip/xc8/v2.40/avr/bin/../lib/gcc/avr/5.4.0/../../../../avr/lib/avrxmega3/short-calls\libc.a(exit.o)
                0x0000000000000600                __funcs_on_exit

.text.__dummy_simulator_exit
                0x0000000000000602        0x2
 .text.__dummy_simulator_exit
                0x0000000000000602        0x2 c:/program files/microchip/xc8/v2.40/avr/bin/../lib/gcc/avr/5.4.0/../../../../avr/lib/avrxmega3/short-calls\libc.a(exit.o)
                0x0000000000000602                __simulator_exit

.text._Exit     0x0000000000000604        0x2
 .text._Exit    0x0000000000000604        0x2 c:/program files/microchip/xc8/v2.40/avr/bin/../lib/gcc/avr/5.4.0/../../../../avr/lib/avrxmega3/short-calls\libc.a(_Exit.o)
                0x0000000000000604                _Exit

.data.I2C_fsmStateTable
                0x0000000000803f00       0x24 load address 0x0000000000000606
 .data.I2C_fsmStateTable
                0x0000000000803f00       0x24 build/Default/production/src/i2c_master.o
                0x0000000000803f00                I2C_fsmStateTable

.data.USART_stream
                0x0000000000803f48       0x10 load address 0x000000000000062a
 .data.USART_stream
                0x0000000000803f48       0x10 build/Default/production/src/usart_basic.o
                0x0000000000803f48                USART_stream

.data._stdout   0x0000000000803f58        0x2 load address 0x000000000000063a
 .data._stdout  0x0000000000803f58        0x2 c:/program files/microchip/xc8/v2.40/avr/bin/../lib/gcc/avr/5.4.0/../../../../avr/lib/avrxmega3/short-calls\libc.a(stdout.o)
                0x0000000000803f58                _stdout
